Component: ARM Compiler 5.06 update 2 (build 183) Tool: armlink [4d35b7]

==============================================================================

Section Cross References

    startup_stm32f103xb.o(RESET) refers to startup_stm32f103xb.o(STACK) for __initial_sp
    startup_stm32f103xb.o(RESET) refers to startup_stm32f103xb.o(.text) for Reset_Handler
    startup_stm32f103xb.o(RESET) refers to stm32f1xx_it.o(i.NMI_Handler) for NMI_Handler
    startup_stm32f103xb.o(RESET) refers to stm32f1xx_it.o(i.HardFault_Handler) for HardFault_Handler
    startup_stm32f103xb.o(RESET) refers to stm32f1xx_it.o(i.MemManage_Handler) for MemManage_Handler
    startup_stm32f103xb.o(RESET) refers to stm32f1xx_it.o(i.BusFault_Handler) for BusFault_Handler
    startup_stm32f103xb.o(RESET) refers to stm32f1xx_it.o(i.UsageFault_Handler) for UsageFault_Handler
    startup_stm32f103xb.o(RESET) refers to port.o(.emb_text) for SVC_Handler
    startup_stm32f103xb.o(RESET) refers to stm32f1xx_it.o(i.DebugMon_Handler) for DebugMon_Handler
    startup_stm32f103xb.o(RESET) refers to stm32f1xx_it.o(i.SysTick_Handler) for SysTick_Handler
    startup_stm32f103xb.o(RESET) refers to stm32f1xx_it.o(i.DMA1_Channel1_IRQHandler) for DMA1_Channel1_IRQHandler
    startup_stm32f103xb.o(RESET) refers to stm32f1xx_it.o(i.TIM2_IRQHandler) for TIM2_IRQHandler
    startup_stm32f103xb.o(RESET) refers to stm32f1xx_it.o(i.TIM3_IRQHandler) for TIM3_IRQHandler
    startup_stm32f103xb.o(RESET) refers to stm32f1xx_it.o(i.TIM4_IRQHandler) for TIM4_IRQHandler
    startup_stm32f103xb.o(RESET) refers to stm32f1xx_it.o(i.EXTI15_10_IRQHandler) for EXTI15_10_IRQHandler
    startup_stm32f103xb.o(.text) refers to system_stm32f1xx.o(i.SystemInit) for SystemInit
    startup_stm32f103xb.o(.text) refers to entry.o(.ARM.Collect$$$$00000000) for __main
    system_stm32f1xx.o(i.SystemCoreClockUpdate) refers to system_stm32f1xx.o(.data) for .data
    system_stm32f1xx.o(i.SystemCoreClockUpdate) refers to system_stm32f1xx.o(.constdata) for .constdata
    stm32f1xx_it.o(i.DMA1_Channel1_IRQHandler) refers to stm32f1xx_hal_dma.o(i.HAL_DMA_IRQHandler) for HAL_DMA_IRQHandler
    stm32f1xx_it.o(i.DMA1_Channel1_IRQHandler) refers to adc.o(.bss) for hdma_adc1
    stm32f1xx_it.o(i.EXTI15_10_IRQHandler) refers to stm32f1xx_hal_gpio.o(i.HAL_GPIO_EXTI_IRQHandler) for HAL_GPIO_EXTI_IRQHandler
    stm32f1xx_it.o(i.HardFault_Handler) refers to usart.o(i.UartSend) for UartSend
    stm32f1xx_it.o(i.HardFault_Handler) refers to usart.o(.bss) for huart1
    stm32f1xx_it.o(i.NMI_Handler) refers to stm32f1xx_hal_rcc.o(i.HAL_RCC_NMI_IRQHandler) for HAL_RCC_NMI_IRQHandler
    stm32f1xx_it.o(i.SysTick_Handler) refers to stm32f1xx_hal.o(i.HAL_IncTick) for HAL_IncTick
    stm32f1xx_it.o(i.SysTick_Handler) refers to cmsis_os.o(i.osSystickHandler) for osSystickHandler
    stm32f1xx_it.o(i.TIM2_IRQHandler) refers to stm32f1xx_hal_tim.o(i.HAL_TIM_IRQHandler) for HAL_TIM_IRQHandler
    stm32f1xx_it.o(i.TIM2_IRQHandler) refers to tim.o(.bss) for htim2
    stm32f1xx_it.o(i.TIM3_IRQHandler) refers to stm32f1xx_hal_tim.o(i.HAL_TIM_IRQHandler) for HAL_TIM_IRQHandler
    stm32f1xx_it.o(i.TIM3_IRQHandler) refers to tim.o(.bss) for htim3
    stm32f1xx_it.o(i.TIM4_IRQHandler) refers to stm32f1xx_hal_tim.o(i.HAL_TIM_IRQHandler) for HAL_TIM_IRQHandler
    stm32f1xx_it.o(i.TIM4_IRQHandler) refers to tim.o(.bss) for htim4
    can.o(i.HAL_CAN_MspDeInit) refers to stm32f1xx_hal_gpio.o(i.HAL_GPIO_DeInit) for HAL_GPIO_DeInit
    can.o(i.HAL_CAN_MspInit) refers to stm32f1xx_hal_gpio.o(i.HAL_GPIO_Init) for HAL_GPIO_Init
    can.o(i.MX_CAN_Init) refers to stm32f1xx_hal_can.o(i.HAL_CAN_Init) for HAL_CAN_Init
    can.o(i.MX_CAN_Init) refers to main.o(i._Error_Handler) for _Error_Handler
    can.o(i.MX_CAN_Init) refers to can.o(.bss) for .bss
    stm32f1xx_hal_msp.o(i.HAL_MspInit) refers to stm32f1xx_hal_cortex.o(i.HAL_NVIC_SetPriorityGrouping) for HAL_NVIC_SetPriorityGrouping
    stm32f1xx_hal_msp.o(i.HAL_MspInit) refers to stm32f1xx_hal_cortex.o(i.HAL_NVIC_SetPriority) for HAL_NVIC_SetPriority
    adc.o(i.HAL_ADC_MspDeInit) refers to stm32f1xx_hal_gpio.o(i.HAL_GPIO_DeInit) for HAL_GPIO_DeInit
    adc.o(i.HAL_ADC_MspDeInit) refers to stm32f1xx_hal_dma.o(i.HAL_DMA_DeInit) for HAL_DMA_DeInit
    adc.o(i.HAL_ADC_MspInit) refers to stm32f1xx_hal_gpio.o(i.HAL_GPIO_Init) for HAL_GPIO_Init
    adc.o(i.HAL_ADC_MspInit) refers to stm32f1xx_hal_dma.o(i.HAL_DMA_Init) for HAL_DMA_Init
    adc.o(i.HAL_ADC_MspInit) refers to main.o(i._Error_Handler) for _Error_Handler
    adc.o(i.HAL_ADC_MspInit) refers to adc.o(.bss) for .bss
    adc.o(i.MX_ADC1_Init) refers to stm32f1xx_hal_adc.o(i.HAL_ADC_Init) for HAL_ADC_Init
    adc.o(i.MX_ADC1_Init) refers to main.o(i._Error_Handler) for _Error_Handler
    adc.o(i.MX_ADC1_Init) refers to stm32f1xx_hal_adc.o(i.HAL_ADC_ConfigChannel) for HAL_ADC_ConfigChannel
    adc.o(i.MX_ADC1_Init) refers to adc.o(.bss) for .bss
[...]
    prvIdleTask                              0x08006e11   Thumb Code    30  tasks.o(i.prvIdleTask)
    i.prvInitialiseNewTask                   0x08006e38   Section        0  tasks.o(i.prvInitialiseNewTask)
    prvInitialiseNewTask                     0x08006e39   Thumb Code   142  tasks.o(i.prvInitialiseNewTask)
    i.prvInsertBlockIntoFreeList             0x08006ec8   Section        0  heap_4.o(i.prvInsertBlockIntoFreeList)
    prvInsertBlockIntoFreeList               0x08006ec9   Thumb Code    72  heap_4.o(i.prvInsertBlockIntoFreeList)
    i.prvResetNextTaskUnblockTime            0x08006f14   Section        0  tasks.o(i.prvResetNextTaskUnblockTime)
    prvResetNextTaskUnblockTime              0x08006f15   Thumb Code    26  tasks.o(i.prvResetNextTaskUnblockTime)
    i.prvTaskExitError                       0x08006f34   Section        0  port.o(i.prvTaskExitError)
    prvTaskExitError                         0x08006f35   Thumb Code    36  port.o(i.prvTaskExitError)
    i.prvTaskIsTaskSuspended                 0x08006f5c   Section        0  tasks.o(i.prvTaskIsTaskSuspended)
    prvTaskIsTaskSuspended                   0x08006f5d   Thumb Code    48  tasks.o(i.prvTaskIsTaskSuspended)
    i.pvPortMalloc                           0x08006f90   Section        0  heap_4.o(i.pvPortMalloc)
    i.pxPortInitialiseStack                  0x08007068   Section        0  port.o(i.pxPortInitialiseStack)
    i.skip                                   0x0800708c   Section        0  cjson.o(i.skip)
    skip                                     0x0800708d   Thumb Code    20  cjson.o(i.skip)
    i.sqrt                                   0x080070a0   Section        0  sqrt.o(i.sqrt)
    i.update                                 0x080070ec   Section        0  cjson.o(i.update)
    update                                   0x080070ed   Thumb Code    28  cjson.o(i.update)
    i.uxListRemove                           0x08007108   Section        0  list.o(i.uxListRemove)
    i.vListInitialise                        0x0800712c   Section        0  list.o(i.vListInitialise)
    i.vListInitialiseItem                    0x08007142   Section        0  list.o(i.vListInitialiseItem)
    i.vListInsert                            0x08007148   Section        0  list.o(i.vListInsert)
    i.vListInsertEnd                         0x08007178   Section        0  list.o(i.vListInsertEnd)
    i.vPortEnterCritical                     0x08007190   Section        0  port.o(i.vPortEnterCritical)
    i.vPortExitCritical                      0x080071d0   Section        0  port.o(i.vPortExitCritical)
    i.vPortFree                              0x080071f8   Section        0  heap_4.o(i.vPortFree)
    i.vPortSetupTimerInterrupt               0x08007254   Section        0  port.o(i.vPortSetupTimerInterrupt)
    i.vPortValidateInterruptPriority         0x08007274   Section        0  port.o(i.vPortValidateInterruptPriority)
    i.vTaskDelay                             0x080072c8   Section        0  tasks.o(i.vTaskDelay)
    i.vTaskDelete                            0x08007314   Section        0  tasks.o(i.vTaskDelete)
    i.vTaskResume                            0x080073c0   Section        0  tasks.o(i.vTaskResume)
    i.vTaskStartScheduler                    0x0800743c   Section        0  tasks.o(i.vTaskStartScheduler)
    i.vTaskSuspend                           0x080074a4   Section        0  tasks.o(i.vTaskSuspend)
    i.vTaskSuspendAll                        0x08007554   Section        0  tasks.o(i.vTaskSuspendAll)
    i.vTaskSwitchContext                     0x08007564   Section        0  tasks.o(i.vTaskSwitchContext)
    i.xPortStartScheduler                    0x080075c0   Section        0  port.o(i.xPortStartScheduler)
    i.xPortSysTickHandler                    0x08007634   Section        0  port.o(i.xPortSysTickHandler)
    i.xTaskCreate                            0x08007660   Section        0  tasks.o(i.xTaskCreate)
    i.xTaskGetSchedulerState                 0x080076b8   Section        0  tasks.o(i.xTaskGetSchedulerState)
    i.xTaskIncrementTick                     0x080076d4   Section        0  tasks.o(i.xTaskIncrementTick)
    i.xTaskResumeAll                         0x0800779c   Section        0  tasks.o(i.xTaskResumeAll)
    i.xTaskResumeFromISR                     0x08007860   Section        0  tasks.o(i.xTaskResumeFromISR)
    .constdata                               0x080078e8   Section       16  system_stm32f1xx.o(.constdata)
    .constdata                               0x080078f8   Section        8  system_stm32f1xx.o(.constdata)
    .constdata                               0x08007900   Section       80  freertos.o(.constdata)
    .constdata                               0x08007950   Section        7  cjson.o(.constdata)
    firstByteMark                            0x08007950   Data           7  cjson.o(.constdata)
    .constdata                               0x08007958   Section       56  log.o(.constdata)
    Lg2                                      0x08007958   Data          24  log.o(.constdata)
    Lg                                       0x08007970   Data          32  log.o(.constdata)
    .constdata                               0x08007990   Section      136  pow.o(.constdata)
    bp                                       0x08007990   Data          16  pow.o(.constdata)
    dp_h                                     0x080079a0   Data          16  pow.o(.constdata)
    dp_l                                     0x080079b0   Data          16  pow.o(.constdata)
    L                                        0x080079c0   Data          48  pow.o(.constdata)
    P                                        0x080079f0   Data          40  pow.o(.constdata)
    .constdata                               0x08007a18   Section        8  qnan.o(.constdata)
    .conststring                             0x08007a20   Section       54  freertos.o(.conststring)
    .data                                    0x20000000   Section        4  system_stm32f1xx.o(.data)
    .data                                    0x20000004   Section       20  freertos.o(.data)
    Rxbyte                                   0x20000004   Data           1  freertos.o(.data)
    .data                                    0x20000018   Section        4  delay.o(.data)
    fac_us                                   0x20000018   Data           4  delay.o(.data)
    .data                                    0x2000001c   Section       60  tasks.o(.data)
    uxDeletedTasksWaitingCleanUp             0x20000020   Data           4  tasks.o(.data)
    uxCurrentNumberOfTasks                   0x20000024   Data           4  tasks.o(.data)
    xTickCount                               0x20000028   Data           4  tasks.o(.data)
    uxTopReadyPriority                       0x2000002c   Data           4  tasks.o(.data)
    xSchedulerRunning                        0x20000030   Data           4  tasks.o(.data)
    uxPendedTicks                            0x20000034   Data           4  tasks.o(.data)
    xYieldPending                            0x20000038   Data           4  tasks.o(.data)
    xNumOfOverflows                          0x2000003c   Data           4  tasks.o(.data)
    uxTaskNumber                             0x20000040   Data           4  tasks.o(.data)
    xNextTaskUnblockTime                     0x20000044   Data           4  tasks.o(.data)
    xIdleTaskHandle                          0x20000048   Data           4  tasks.o(.data)
    uxSchedulerSuspended                     0x2000004c   Data           4  tasks.o(.data)
    pxDelayedTaskList                        0x20000050   Data           4  tasks.o(.data)
    pxOverflowDelayedTaskList                0x20000054   Data           4  tasks.o(.data)
    .data                                    0x20000058   Section       12  port.o(.data)
    ucMaxSysCallPriority                     0x20000058   Data           1  port.o(.data)
    uxCriticalNesting                        0x2000005c   Data           4  port.o(.data)
    ulMaxPRIGROUPValue                       0x20000060   Data           4  port.o(.data)
    .data                                    0x20000064   Section       24  heap_4.o(.data)
    pxEnd                                    0x20000064   Data           4  heap_4.o(.data)
    xFreeBytesRemaining                      0x20000068   Data           4  heap_4.o(.data)
    xMinimumEverFreeBytesRemaining           0x2000006c   Data           4  heap_4.o(.data)
    xBlockAllocatedBit                       0x20000070   Data           4  heap_4.o(.data)
    xStart                                   0x20000074   Data           8  heap_4.o(.data)
    .data                                    0x2000007c   Section        4  stm32f1xx_hal.o(.data)
    .data                                    0x20000080   Section       12  cjson.o(.data)
    cJSON_malloc                             0x20000080   Data           4  cjson.o(.data)
    cJSON_free                               0x20000084   Data           4  cjson.o(.data)
    global_ep                                0x20000088   Data           4  cjson.o(.data)
    .data                                    0x2000008c   Section        4  mvars.o(.data)
    .data                                    0x20000090   Section        4  mvars.o(.data)
    .data                                    0x20000094   Section        4  errno.o(.data)
    _errno                                   0x20000094   Data           4  errno.o(.data)
    .bss                                     0x20000098   Section       68  can.o(.bss)
    .bss                                     0x200000dc   Section      116  adc.o(.bss)
    .bss                                     0x20000150   Section      100  freertos.o(.bss)
    Rxbuf                                    0x20000150   Data         100  freertos.o(.bss)
    .bss                                     0x200001b4   Section       64  usart.o(.bss)
    .bss                                     0x200001f4   Section       84  i2c.o(.bss)
    .bss                                     0x20000248   Section      368  tim.o(.bss)
    .bss                                     0x200003b8   Section      240  tasks.o(.bss)
    pxReadyTasksLists                        0x200003b8   Data         140  tasks.o(.bss)
    xDelayedTaskList1                        0x20000444   Data          20  tasks.o(.bss)
    xDelayedTaskList2                        0x20000458   Data          20  tasks.o(.bss)
    xPendingReadyList                        0x2000046c   Data          20  tasks.o(.bss)
    xTasksWaitingTermination                 0x20000480   Data          20  tasks.o(.bss)
    xSuspendedTaskList                       0x20000494   Data          20  tasks.o(.bss)
    .bss                                     0x200004a8   Section    10240  heap_4.o(.bss)
    ucHeap                                   0x200004a8   Data       10240  heap_4.o(.bss)
    .bss                                     0x20002ca8   Section       84  gs_pumpctrl.o(.bss)
    .bss                                     0x20002cfc   Section      400  gs_adc.o(.bss)
    .bss                                     0x20002e8c   Section       16  gs_adc.o(.bss)
    .bss                                     0x20002e9c   Section       16  gs_adc.o(.bss)
    .bss                                     0x20002eac   Section       36  gs_pidctrl.o(.bss)
    .bss                                     0x20002ed0   Section       36  gs_pidctrl.o(.bss)
    .bss                                     0x20002ef4   Section       44  gs_motoctrl.o(.bss)
    .bss                                     0x20002f20   Section       28  gs_heatctrl.o(.bss)
    .bss                                     0x20002f3c   Section       28  gs_heatctrl.o(.bss)
    HEAP                                     0x20002f58   Section     4096  startup_stm32f103xb.o(HEAP)
    STACK                                    0x20003f58   Section     4096  startup_stm32f103xb.o(STACK)

    Global Symbols

    Symbol Name                              Value     Ov Type        Size  Object(Section)

    BuildAttributes$$THM_ISAv4$P$D$K$B$S$PE$A:L22UL41UL21$X:L11$S22US41US21$IEEE1$IW$USESV6$~STKCKD$USESV7$~SHL$OTIME$ROPI$IEEEX$EBA8$MICROLIB$REQ8$PRES8$EABIv2 0x00000000   Number         0  anon$$obj.o ABSOLUTE
    __ARM_use_no_argv                        0x00000000   Number         0  main.o ABSOLUTE
    _printf_a                                0x00000000   Number         0  stubs.o ABSOLUTE
    _printf_c                                0x00000000   Number         0  stubs.o ABSOLUTE
    _printf_charcount                        0x00000000   Number         0  stubs.o ABSOLUTE
    _printf_d                                0x00000000   Number         0  stubs.o ABSOLUTE
    _printf_e                                0x00000000   Number         0  stubs.o ABSOLUTE
    _printf_f                                0x00000000   Number         0  stubs.o ABSOLUTE
    _printf_flags                            0x00000000   Number         0  stubs.o ABSOLUTE
    _printf_fp_dec                           0x00000000   Number         0  stubs.o ABSOLUTE
    _printf_fp_hex                           0x00000000   Number         0  stubs.o ABSOLUTE
    _printf_g                                0x00000000   Number         0  stubs.o ABSOLUTE
    _printf_i                                0x00000000   Number         0  stubs.o ABSOLUTE
    _printf_int_dec                          0x00000000   Number         0  stubs.o ABSOLUTE
    _printf_l                                0x00000000   Number         0  stubs.o ABSOLUTE
    _printf_lc                               0x00000000   Number         0  stubs.o ABSOLUTE
    _printf_ll                               0x00000000   Number         0  stubs.o ABSOLUTE
    _printf_lld                              0x00000000   Number         0  stubs.o ABSOLUTE
    _printf_lli                              0x00000000   Number         0  stubs.o ABSOLUTE
    _printf_llo                              0x00000000   Number         0  stubs.o ABSOLUTE
    _printf_llu                              0x00000000   Number         0  stubs.o ABSOLUTE
    _printf_llx                              0x00000000   Number         0  stubs.o ABSOLUTE
    _printf_longlong_dec                     0x00000000   Number         0  stubs.o ABSOLUTE
    _printf_longlong_hex                     0x00000000   Number         0  stubs.o ABSOLUTE
    _printf_longlong_oct                     0x00000000   Number         0  stubs.o ABSOLUTE
    _printf_ls                               0x00000000   Number         0  stubs.o ABSOLUTE
    _printf_mbtowc                           0x00000000   Number         0  stubs.o ABSOLUTE
    _printf_n                                0x00000000   Number         0  stubs.o ABSOLUTE
    _printf_o                                0x00000000   Number         0  stubs.o ABSOLUTE
    _printf_p                                0x00000000   Number         0  stubs.o ABSOLUTE
    _printf_percent                          0x00000000   Number         0  stubs.o ABSOLUTE
    _printf_pre_padding                      0x00000000   Number         0  stubs.o ABSOLUTE
    _printf_return_value                     0x00000000   Number         0  stubs.o ABSOLUTE
    _printf_s                                0x00000000   Number         0  stubs.o ABSOLUTE
    _printf_sizespec                         0x00000000   Number         0  stubs.o ABSOLUTE
    _printf_str                              0x00000000   Number         0  stubs.o ABSOLUTE
    _printf_truncate_signed                  0x00000000   Number         0  stubs.o ABSOLUTE
    _printf_truncate_unsigned                0x00000000   Number         0  stubs.o ABSOLUTE
    _printf_u                                0x00000000   Number         0  stubs.o ABSOLUTE
    _printf_wc                               0x00000000   Number         0  stubs.o ABSOLUTE
    _printf_wctomb                           0x00000000   Number         0  stubs.o ABSOLUTE
    _printf_widthprec                        0x00000000   Number         0  stubs.o ABSOLUTE
    _printf_x                                0x00000000   Number         0  stubs.o ABSOLUTE
    __cpp_initialize__aeabi_                  - Undefined Weak Reference
    __cxa_finalize                            - Undefined Weak Reference
    __decompress                              - Undefined Weak Reference
    _clock_init                               - Undefined Weak Reference
    _microlib_exit                            - Undefined Weak Reference
    __Vectors_Size                           0x000000ec   Number         0  startup_stm32f103xb.o ABSOLUTE
    __Vectors                                0x08000000   Data           4  startup_stm32f103xb.o(RESET)
    __Vectors_End                            0x080000ec   Data           0  startup_stm32f103xb.o(RESET)
    __main                                   0x080000ed   Thumb Code     0  entry.o(.ARM.Collect$$$$00000000)
    _main_stk                                0x080000ed   Thumb Code     0  entry2.o(.ARM.Collect$$$$00000001)
    _main_scatterload                        0x080000f1   Thumb Code     0  entry5.o(.ARM.Collect$$$$00000004)
    __main_after_scatterload                 0x080000f5   Thumb Code     0  entry5.o(.ARM.Collect$$$$00000004)
    _main_clock                              0x080000f5   Thumb Code     0  entry7b.o(.ARM.Collect$$$$00000008)
    _main_cpp_init                           0x080000f5   Thumb Code     0  entry8b.o(.ARM.Collect$$$$0000000A)
    _main_init                               0x080000f5   Thumb Code     0  entry9a.o(.ARM.Collect$$$$0000000B)
    __rt_final_cpp                           0x080000fd   Thumb Code     0  entry10a.o(.ARM.Collect$$$$0000000D)
    __rt_final_exit                          0x080000fd   Thumb Code     0  entry11a.o(.ARM.Collect$$$$0000000F)
    SVC_Handler                              0x08000101   Thumb Code    32  port.o(.emb_text)
    __asm___6_port_c_39a90d8d__prvStartFirstTask 0x08000125   Thumb Code    28  port.o(.emb_text)
    PendSV_Handler                           0x08000145   Thumb Code    72  port.o(.emb_text)
    vPortGetIPSR                             0x08000191   Thumb Code     6  port.o(.emb_text)
    Reset_Handler                            0x08000199   Thumb Code     8  startup_stm32f103xb.o(.text)
    ADC1_2_IRQHandler                        0x080001b3   Thumb Code     0  startup_stm32f103xb.o(.text)
    CAN1_RX1_IRQHandler                      0x080001b3   Thumb Code     0  startup_stm32f103xb.o(.text)
    CAN1_SCE_IRQHandler                      0x080001b3   Thumb Code     0  startup_stm32f103xb.o(.text)
    DMA1_Channel2_IRQHandler                 0x080001b3   Thumb Code     0  startup_stm32f103xb.o(.text)
    DMA1_Channel3_IRQHandler                 0x080001b3   Thumb Code     0  startup_stm32f103xb.o(.text)
    DMA1_Channel4_IRQHandler                 0x080001b3   Thumb Code     0  startup_stm32f103xb.o(.text)
    DMA1_Channel5_IRQHandler                 0x080001b3   Thumb Code     0  startup_stm32f103xb.o(.text)
    DMA1_Channel6_IRQHandler                 0x080001b3   Thumb Code     0  startup_stm32f103xb.o(.text)
    DMA1_Channel7_IRQHandler                 0x080001b3   Thumb Code     0  startup_stm32f103xb.o(.text)
    EXTI0_IRQHandler                         0x080001b3   Thumb Code     0  startup_stm32f103xb.o(.text)
    EXTI1_IRQHandler                         0x080001b3   Thumb Code     0  startup_stm32f103xb.o(.text)
    EXTI2_IRQHandler                         0x080001b3   Thumb Code     0  startup_stm32f103xb.o(.text)
    EXTI3_IRQHandler                         0x080001b3   Thumb Code     0  startup_stm32f103xb.o(.text)
    EXTI4_IRQHandler                         0x080001b3   Thumb Code     0  startup_stm32f103xb.o(.text)
    EXTI9_5_IRQHandler                       0x080001b3   Thumb Code     0  startup_stm32f103xb.o(.text)
    FLASH_IRQHandler                         0x080001b3   Thumb Code     0  startup_stm32f103xb.o(.text)
    I2C1_ER_IRQHandler                       0x080001b3   Thumb Code     0  startup_stm32f103xb.o(.text)
    I2C1_EV_IRQHandler                       0x080001b3   Thumb Code     0  startup_stm32f103xb.o(.text)
    I2C2_ER_IRQHandler                       0x080001b3   Thumb Code     0  startup_stm32f103xb.o(.text)
    I2C2_EV_IRQHandler                       0x080001b3   Thumb Code     0  startup_stm32f103xb.o(.text)
    PVD_IRQHandler                           0x080001b3   Thumb Code     0  startup_stm32f103xb.o(.text)
    RCC_IRQHandler                           0x080001b3   Thumb Code     0  startup_stm32f103xb.o(.text)
    RTC_Alarm_IRQHandler                     0x080001b3   Thumb Code     0  startup_stm32f103xb.o(.text)
    RTC_IRQHandler                           0x080001b3   Thumb Code     0  startup_stm32f103xb.o(.text)
    SPI1_IRQHandler                          0x080001b3   Thumb Code     0  startup_stm32f103xb.o(.text)
    SPI2_IRQHandler                          0x080001b3   Thumb Code     0  startup_stm32f103xb.o(.text)
    TAMPER_IRQHandler                        0x080001b3   Thumb Code     0  startup_stm32f103xb.o(.text)
    TIM1_BRK_IRQHandler                      0x080001b3   Thumb Code     0  startup_stm32f103xb.o(.text)
    TIM1_CC_IRQHandler                       0x080001b3   Thumb Code     0  startup_stm32f103xb.o(.text)
    TIM1_TRG_COM_IRQHandler                  0x080001b3   Thumb Code     0  startup_stm32f103xb.o(.text)
    TIM1_UP_IRQHandler                       0x080001b3   Thumb Code     0  startup_stm32f103xb.o(.text)
    USART1_IRQHandler                        0x080001b3   Thumb Code     0  startup_stm32f103xb.o(.text)
    USART2_IRQHandler                        0x080001b3   Thumb Code     0  startup_stm32f103xb.o(.text)
    USART3_IRQHandler                        0x080001b3   Thumb Code     0  startup_stm32f103xb.o(.text)
    USBWakeUp_IRQHandler                     0x080001b3   Thumb Code     0  startup_stm32f103xb.o(.text)
    USB_HP_CAN1_TX_IRQHandler                0x080001b3   Thumb Code     0  startup_stm32f103xb.o(.text)
    USB_LP_CAN1_RX0_IRQHandler               0x080001b3   Thumb Code     0  startup_stm32f103xb.o(.text)
    WWDG_IRQHandler                          0x080001b3   Thumb Code     0  startup_stm32f103xb.o(.text)
    __aeabi_llsr                             0x080001bd   Thumb Code    32  llushr.o(.text)
    _ll_ushift_r                             0x080001bd   Thumb Code     0  llushr.o(.text)
    tolower                                  0x080001dd   Thumb Code    12  tolower.o(.text)
    __aeabi_memcpy                           0x080001e9   Thumb Code    36  memcpya.o(.text)
    __aeabi_memcpy4                          0x080001e9   Thumb Code     0  memcpya.o(.text)
    __aeabi_memcpy8                          0x080001e9   Thumb Code     0  memcpya.o(.text)
    __aeabi_memset                           0x0800020d   Thumb Code    14  memseta.o(.text)
    __aeabi_memset4                          0x0800020d   Thumb Code     0  memseta.o(.text)
    __aeabi_memset8                          0x0800020d   Thumb Code     0  memseta.o(.text)
    __aeabi_memclr                           0x0800021b   Thumb Code     4  memseta.o(.text)
    __aeabi_memclr4                          0x0800021b   Thumb Code     0  memseta.o(.text)
    __aeabi_memclr8                          0x0800021b   Thumb Code     0  memseta.o(.text)
    _memset$wrapper                          0x0800021f   Thumb Code    18  memseta.o(.text)
    strchr                                   0x08000231   Thumb Code    20  strchr.o(.text)
    strlen                                   0x08000245   Thumb Code    14  strlen.o(.text)
    strcpy                                   0x08000253   Thumb Code    18  strcpy.o(.text)
    strncmp                                  0x08000265   Thumb Code    30  strncmp.o(.text)
    __aeabi_fadd                             0x08000283   Thumb Code   164  fadd.o(.text)
    __aeabi_fsub                             0x08000327   Thumb Code     6  fadd.o(.text)
    __aeabi_frsub                            0x0800032d   Thumb Code     6  fadd.o(.text)
    __aeabi_fmul                             0x08000333   Thumb Code   100  fmul.o(.text)
    __aeabi_fdiv                             0x08000397   Thumb Code   124  fdiv.o(.text)
    __ARM_scalbnf                            0x08000413   Thumb Code    24  fscalb.o(.text)
    scalbnf                                  0x08000413   Thumb Code     0  fscalb.o(.text)
    __aeabi_dadd                             0x0800042b   Thumb Code   322  dadd.o(.text)
    __aeabi_dsub                             0x0800056d   Thumb Code     6  dadd.o(.text)
    __aeabi_drsub                            0x08000573   Thumb Code     6  dadd.o(.text)
    __aeabi_dmul                             0x08000579   Thumb Code   228  dmul.o(.text)
    __aeabi_ddiv                             0x0800065d   Thumb Code   222  ddiv.o(.text)
    __aeabi_ui2f                             0x0800073b   Thumb Code    10  ffltui.o(.text)
    __aeabi_i2d                              0x08000745   Thumb Code    34  dflti.o(.text)
    __aeabi_ui2d                             0x08000767   Thumb Code    26  dfltui.o(.text)
    __aeabi_f2iz                             0x08000781   Thumb Code    50  ffixi.o(.text)
    __aeabi_d2iz                             0x080007b3   Thumb Code    62  dfixi.o(.text)
    __aeabi_d2uiz                            0x080007f1   Thumb Code    50  dfixui.o(.text)
    __aeabi_f2d                              0x08000823   Thumb Code    38  f2d.o(.text)
    __aeabi_cdcmpeq                          0x08000849   Thumb Code     0  cdcmple.o(.text)
    __aeabi_cdcmple                          0x08000849   Thumb Code    48  cdcmple.o(.text)
    __aeabi_cdrcmple                         0x08000879   Thumb Code    48  cdrcmple.o(.text)
    __aeabi_cfrcmple                         0x080008a9   Thumb Code    20  cfrcmple.o(.text)
    __aeabi_uidiv                            0x080008bd   Thumb Code     0  uidiv.o(.text)
    __aeabi_uidivmod                         0x080008bd   Thumb Code    44  uidiv.o(.text)
    __aeabi_uldivmod                         0x080008e9   Thumb Code    98  uldiv.o(.text)
    __aeabi_llsl                             0x0800094b   Thumb Code    30  llshl.o(.text)
    _ll_shift_l                              0x0800094b   Thumb Code     0  llshl.o(.text)
    __aeabi_lasr                             0x08000969   Thumb Code    36  llsshr.o(.text)
    _ll_sshift_r                             0x08000969   Thumb Code     0  llsshr.o(.text)
    __I$use$fp                               0x0800098d   Thumb Code     0  iusefp.o(.text)
    _float_round                             0x0800098d   Thumb Code    18  fepilogue.o(.text)
    _float_epilogue                          0x0800099f   Thumb Code    92  fepilogue.o(.text)
    _double_round                            0x080009fb   Thumb Code    30  depilogue.o(.text)
    _double_epilogue                         0x08000a19   Thumb Code   156  depilogue.o(.text)
    __ARM_scalbn                             0x08000ab5   Thumb Code    46  dscalb.o(.text)
    scalbn                                   0x08000ab5   Thumb Code     0  dscalb.o(.text)
    __aeabi_d2ulz                            0x08000ae3   Thumb Code    48  dfixul.o(.text)
    __scatterload                            0x08000b15   Thumb Code    28  init.o(.text)
    __scatterload_rt2                        0x08000b15   Thumb Code     0  init.o(.text)
    _dsqrt                                   0x08000b39   Thumb Code   162  dsqrt.o(.text)
    ADC_ConversionStop_Disable               0x08000bdd   Thumb Code    76  stm32f1xx_hal_adc.o(i.ADC_ConversionStop_Disable)
    ADC_DMAConvCplt                          0x08000c29   Thumb Code    78  stm32f1xx_hal_adc.o(i.ADC_DMAConvCplt)
    ADC_DMAError                             0x08000c77   Thumb Code    26  stm32f1xx_hal_adc.o(i.ADC_DMAError)
    ADC_DMAHalfConvCplt                      0x08000c91   Thumb Code    10  stm32f1xx_hal_adc.o(i.ADC_DMAHalfConvCplt)
    ADC_Enable                               0x08000c9d   Thumb Code   104  stm32f1xx_hal_adc.o(i.ADC_Enable)
    BusFault_Handler                         0x08000d79   Thumb Code     2  stm32f1xx_it.o(i.BusFault_Handler)
    DMA1_Channel1_IRQHandler                 0x08000d7d   Thumb Code     6  stm32f1xx_it.o(i.DMA1_Channel1_IRQHandler)
    DebugMon_Handler                         0x08000db3   Thumb Code     2  stm32f1xx_it.o(i.DebugMon_Handler)
    EXTI15_10_IRQHandler                     0x08000db5   Thumb Code    30  stm32f1xx_it.o(i.EXTI15_10_IRQHandler)
    HAL_ADC_ConfigChannel                    0x08000dd5   Thumb Code   240  stm32f1xx_hal_adc.o(i.HAL_ADC_ConfigChannel)
    HAL_ADC_ConvCpltCallback                 0x08000ed1   Thumb Code     2  stm32f1xx_hal_adc.o(i.HAL_ADC_ConvCpltCallback)
    HAL_ADC_ConvHalfCpltCallback             0x08000ed3   Thumb Code     2  stm32f1xx_hal_adc.o(i.HAL_ADC_ConvHalfCpltCallback)
    HAL_ADC_ErrorCallback                    0x08000ed5   Thumb Code     2  stm32f1xx_hal_adc.o(i.HAL_ADC_ErrorCallback)
    HAL_ADC_Init                             0x08000ed9   Thumb Code   272  stm32f1xx_hal_adc.o(i.HAL_ADC_Init)
    HAL_ADC_MspInit                          0x08000ff5   Thumb Code   102  adc.o(i.HAL_ADC_MspInit)
    HAL_ADC_Start_DMA                        0x08001081   Thumb Code   246  stm32f1xx_hal_adc.o(i.HAL_ADC_Start_DMA)
    HAL_CAN_Init                             0x0800118d   Thumb Code   300  stm32f1xx_hal_can.o(i.HAL_CAN_Init)
    HAL_CAN_MspInit                          0x080012b9   Thumb Code    76  can.o(i.HAL_CAN_MspInit)
    HAL_DMA_IRQHandler                       0x08001311   Thumb Code   316  stm32f1xx_hal_dma.o(i.HAL_DMA_IRQHandler)
    HAL_DMA_Init                             0x08001465   Thumb Code    92  stm32f1xx_hal_dma.o(i.HAL_DMA_Init)
    HAL_DMA_Start_IT                         0x080014c9   Thumb Code   112  stm32f1xx_hal_dma.o(i.HAL_DMA_Start_IT)
    HAL_GPIO_EXTI_Callback                   0x08001539   Thumb Code    54  mainctrl.o(i.HAL_GPIO_EXTI_Callback)
    HAL_GPIO_EXTI_IRQHandler                 0x08001579   Thumb Code    18  stm32f1xx_hal_gpio.o(i.HAL_GPIO_EXTI_IRQHandler)
    HAL_GPIO_Init                            0x08001591   Thumb Code   408  stm32f1xx_hal_gpio.o(i.HAL_GPIO_Init)
    HAL_GPIO_ReadPin                         0x0800174d   Thumb Code    10  stm32f1xx_hal_gpio.o(i.HAL_GPIO_ReadPin)
    HAL_GPIO_WritePin                        0x08001757   Thumb Code    10  stm32f1xx_hal_gpio.o(i.HAL_GPIO_WritePin)
    HAL_GetTick                              0x08001761   Thumb Code     6  stm32f1xx_hal.o(i.HAL_GetTick)
    HAL_I2C_Init                             0x0800176d   Thumb Code   254  stm32f1xx_hal_i2c.o(i.HAL_I2C_Init)
    HAL_I2C_MspInit                          0x08001875   Thumb Code    54  i2c.o(i.HAL_I2C_MspInit)
    HAL_IncTick                              0x080018b9   Thumb Code    10  stm32f1xx_hal.o(i.HAL_IncTick)
    HAL_Init                                 0x080018c9   Thumb Code    32  stm32f1xx_hal.o(i.HAL_Init)
    HAL_InitTick                             0x080018ed   Thumb Code    34  stm32f1xx_hal.o(i.HAL_InitTick)
    HAL_MspInit                              0x08001915   Thumb Code   122  stm32f1xx_hal_msp.o(i.HAL_MspInit)
    HAL_NVIC_EnableIRQ                       0x08001999   Thumb Code    22  stm32f1xx_hal_cortex.o(i.HAL_NVIC_EnableIRQ)
    HAL_NVIC_SetPriority                     0x080019b1   Thumb Code    60  stm32f1xx_hal_cortex.o(i.HAL_NVIC_SetPriority)
    HAL_NVIC_SetPriorityGrouping             0x080019f1   Thumb Code    26  stm32f1xx_hal_cortex.o(i.HAL_NVIC_SetPriorityGrouping)
    HAL_RCCEx_PeriphCLKConfig                0x08001a15   Thumb Code   224  stm32f1xx_hal_rcc_ex.o(i.HAL_RCCEx_PeriphCLKConfig)
    HAL_RCC_CSSCallback                      0x08001b01   Thumb Code     2  stm32f1xx_hal_rcc.o(i.HAL_RCC_CSSCallback)
    HAL_RCC_ClockConfig                      0x08001b05   Thumb Code   322  stm32f1xx_hal_rcc.o(i.HAL_RCC_ClockConfig)
    HAL_RCC_EnableCSS                        0x08001c59   Thumb Code     8  stm32f1xx_hal_rcc.o(i.HAL_RCC_EnableCSS)
    HAL_RCC_GetHCLKFreq                      0x08001c65   Thumb Code     6  stm32f1xx_hal_rcc.o(i.HAL_RCC_GetHCLKFreq)
    HAL_RCC_GetPCLK1Freq                     0x08001c71   Thumb Code    20  stm32f1xx_hal_rcc.o(i.HAL_RCC_GetPCLK1Freq)
    HAL_RCC_GetPCLK2Freq                     0x08001c91   Thumb Code    20  stm32f1xx_hal_rcc.o(i.HAL_RCC_GetPCLK2Freq)
    HAL_RCC_GetSysClockFreq                  0x08001cb1   Thumb Code    74  stm32f1xx_hal_rcc.o(i.HAL_RCC_GetSysClockFreq)
    HAL_RCC_NMI_IRQHandler                   0x08001d1d   Thumb Code    20  stm32f1xx_hal_rcc.o(i.HAL_RCC_NMI_IRQHandler)
    HAL_RCC_OscConfig                        0x08001d35   Thumb Code   750  stm32f1xx_hal_rcc.o(i.HAL_RCC_OscConfig)
    HAL_SYSTICK_CLKSourceConfig              0x08002039   Thumb Code    24  stm32f1xx_hal_cortex.o(i.HAL_SYSTICK_CLKSourceConfig)
    HAL_SYSTICK_Config                       0x08002051   Thumb Code    40  stm32f1xx_hal_cortex.o(i.HAL_SYSTICK_Config)
    HAL_TIMEx_BreakCallback                  0x08002079   Thumb Code     2  stm32f1xx_hal_tim_ex.o(i.HAL_TIMEx_BreakCallback)
    HAL_TIMEx_CommutationCallback            0x0800207b   Thumb Code     2  stm32f1xx_hal_tim_ex.o(i.HAL_TIMEx_CommutationCallback)
    HAL_TIMEx_ConfigBreakDeadTime            0x0800207d   Thumb Code    90  stm32f1xx_hal_tim_ex.o(i.HAL_TIMEx_ConfigBreakDeadTime)
    HAL_TIMEx_MasterConfigSynchronization    0x080020d7   Thumb Code    80  stm32f1xx_hal_tim_ex.o(i.HAL_TIMEx_MasterConfigSynchronization)
    HAL_TIM_IC_CaptureCallback               0x08002129   Thumb Code   138  mainctrl.o(i.HAL_TIM_IC_CaptureCallback)
    HAL_TIM_IC_ConfigChannel                 0x080021bd   Thumb Code   282  stm32f1xx_hal_tim.o(i.HAL_TIM_IC_ConfigChannel)
    HAL_TIM_IC_Init                          0x080022d7   Thumb Code    54  stm32f1xx_hal_tim.o(i.HAL_TIM_IC_Init)
    HAL_TIM_IC_MspInit                       0x0800230d   Thumb Code    68  tim.o(i.HAL_TIM_IC_MspInit)
    HAL_TIM_IC_Start_IT                      0x08002359   Thumb Code    76  stm32f1xx_hal_tim.o(i.HAL_TIM_IC_Start_IT)
    HAL_TIM_IC_Stop_IT                       0x080023a5   Thumb Code    94  stm32f1xx_hal_tim.o(i.HAL_TIM_IC_Stop_IT)
    HAL_TIM_IRQHandler                       0x08002403   Thumb Code   358  stm32f1xx_hal_tim.o(i.HAL_TIM_IRQHandler)
    HAL_TIM_MspPostInit                      0x08002569   Thumb Code   106  tim.o(i.HAL_TIM_MspPostInit)
    HAL_TIM_OC_DelayElapsedCallback          0x080025f1   Thumb Code     2  stm32f1xx_hal_tim.o(i.HAL_TIM_OC_DelayElapsedCallback)
    HAL_TIM_PWM_ConfigChannel                0x080025f3   Thumb Code   208  stm32f1xx_hal_tim.o(i.HAL_TIM_PWM_ConfigChannel)
    HAL_TIM_PWM_Init                         0x080026c3   Thumb Code    54  stm32f1xx_hal_tim.o(i.HAL_TIM_PWM_Init)
    HAL_TIM_PWM_MspInit                      0x080026f9   Thumb Code   108  tim.o(i.HAL_TIM_PWM_MspInit)
    HAL_TIM_PWM_PulseFinishedCallback        0x08002775   Thumb Code    82  mainctrl.o(i.HAL_TIM_PWM_PulseFinishedCallback)
    HAL_TIM_PWM_Start                        0x080027d1   Thumb Code    42  stm32f1xx_hal_tim.o(i.HAL_TIM_PWM_Start)
    HAL_TIM_PWM_Start_IT                     0x08002801   Thumb Code    92  stm32f1xx_hal_tim.o(i.HAL_TIM_PWM_Start_IT)
    HAL_TIM_PWM_Stop                         0x08002861   Thumb Code    78  stm32f1xx_hal_tim.o(i.HAL_TIM_PWM_Stop)
    HAL_TIM_PWM_Stop_IT                      0x080028b5   Thumb Code   122  stm32f1xx_hal_tim.o(i.HAL_TIM_PWM_Stop_IT)
    HAL_TIM_PeriodElapsedCallback            0x08002935   Thumb Code     2  stm32f1xx_hal_tim.o(i.HAL_TIM_PeriodElapsedCallback)
    HAL_TIM_TriggerCallback                  0x08002937   Thumb Code     2  stm32f1xx_hal_tim.o(i.HAL_TIM_TriggerCallback)
    HAL_UART_GetState                        0x08002939   Thumb Code    10  stm32f1xx_hal_uart.o(i.HAL_UART_GetState)
    HAL_UART_Init                            0x08002943   Thumb Code    98  stm32f1xx_hal_uart.o(i.HAL_UART_Init)
    HAL_UART_MspInit                         0x080029a5   Thumb Code    76  usart.o(i.HAL_UART_MspInit)
    HAL_UART_Receive                         0x080029fd   Thumb Code   184  stm32f1xx_hal_uart.o(i.HAL_UART_Receive)
    HAL_UART_Transmit                        0x08002ab5   Thumb Code   186  stm32f1xx_hal_uart.o(i.HAL_UART_Transmit)
    HardFault_Handler                        0x08002b71   Thumb Code    16  stm32f1xx_it.o(i.HardFault_Handler)
    HeatPidCtrl                              0x08002b95   Thumb Code   170  mainctrl.o(i.HeatPidCtrl)
    HeatPidCtrlTask                          0x08002c65   Thumb Code    12  freertos.o(i.HeatPidCtrlTask)
    InitAdCtrl                               0x08002c71   Thumb Code    10  gs_adc.o(i.InitAdCtrl)
    InitGpioinfo                             0x08002c81   Thumb Code    14  gs_gpio.o(i.InitGpioinfo)
    InitHeatCtrl                             0x08002c99   Thumb Code    20  gs_heatctrl.o(i.InitHeatCtrl)
    InitMotoCtrl                             0x08002cb9   Thumb Code    30  gs_motoctrl.o(i.InitMotoCtrl)
    InitPidCtrl                              0x08002ce9   Thumb Code    26  gs_pidctrl.o(i.InitPidCtrl)
    InitPumpCtrl                             0x08002d11   Thumb Code    66  gs_pumpctrl.o(i.InitPumpCtrl)
    InitallConfig                            0x08002d75   Thumb Code    80  mainctrl.o(i.InitallConfig)
    MX_ADC1_Init                             0x08002e01   Thumb Code   102  adc.o(i.MX_ADC1_Init)
    MX_CAN_Init                              0x08002e81   Thumb Code    56  can.o(i.MX_CAN_Init)
    MX_DMA_Init                              0x08002ed1   Thumb Code    40  dma.o(i.MX_DMA_Init)
    MX_FREERTOS_Init                         0x08002efd   Thumb Code   112  freertos.o(i.MX_FREERTOS_Init)
    MX_GPIO_Init                             0x08002f75   Thumb Code   252  gpio.o(i.MX_GPIO_Init)
    MX_I2C1_Init                             0x08003085   Thumb Code    54  i2c.o(i.MX_I2C1_Init)
    MX_TIM1_Init                             0x080030d9   Thumb Code   152  tim.o(i.MX_TIM1_Init)
    MX_TIM2_Init                             0x0800318d   Thumb Code   180  tim.o(i.MX_TIM2_Init)
    MX_TIM3_Init                             0x08003255   Thumb Code   104  tim.o(i.MX_TIM3_Init)
    MX_TIM4_Init                             0x080032d5   Thumb Code   106  tim.o(i.MX_TIM4_Init)
    MX_USART1_UART_Init                      0x08003359   Thumb Code    52  usart.o(i.MX_USART1_UART_Init)
    MemManage_Handler                        0x080033a5   Thumb Code     2  stm32f1xx_it.o(i.MemManage_Handler)
    NMI_Handler                              0x080033a7   Thumb Code     4  stm32f1xx_it.o(i.NMI_Handler)
    ParseCommand                             0x080033cd   Thumb Code   712  parsecmd.o(i.ParseCommand)
    PidParamCalculate                        0x08003771   Thumb Code    94  gs_pidctrl.o(i.PidParamCalculate)
    SerialTask                               0x080037d1   Thumb Code    78  freertos.o(i.SerialTask)
    StartTask                                0x0800382d   Thumb Code    40  freertos.o(i.StartTask)
    SteperrateCtrl                           0x08003859   Thumb Code   220  mainctrl.o(i.SteperrateCtrl)
    StepperInit                              0x08003949   Thumb Code    74  mainctrl.o(i.StepperInit)
    StepperStart                             0x08003999   Thumb Code    76  mainctrl.o(i.StepperStart)
    StepperStop                              0x080039ed   Thumb Code    18  mainctrl.o(i.StepperStop)
    SysTick_Handler                          0x080039ff   Thumb Code    14  stm32f1xx_it.o(i.SysTick_Handler)
    SystemClock_Config                       0x08003a0d   Thumb Code   126  main.o(i.SystemClock_Config)
    SystemInit                               0x08003a8d   Thumb Code    56  system_stm32f1xx.o(i.SystemInit)
    TIM2_IRQHandler                          0x08003ad5   Thumb Code     6  stm32f1xx_it.o(i.TIM2_IRQHandler)
    TIM3_IRQHandler                          0x08003ae1   Thumb Code     6  stm32f1xx_it.o(i.TIM3_IRQHandler)
    TIM4_IRQHandler                          0x08003aed   Thumb Code     6  stm32f1xx_it.o(i.TIM4_IRQHandler)
    TIM_Base_SetConfig                       0x08003af9   Thumb Code    94  stm32f1xx_hal_tim.o(i.TIM_Base_SetConfig)
    TIM_CCxChannelCmd                        0x08003b65   Thumb Code    22  stm32f1xx_hal_tim.o(i.TIM_CCxChannelCmd)
    TIM_OC2_SetConfig                        0x08003bcd   Thumb Code    84  stm32f1xx_hal_tim.o(i.TIM_OC2_SetConfig)
    TIM_TI1_SetConfig                        0x08003cc1   Thumb Code    76  stm32f1xx_hal_tim.o(i.TIM_TI1_SetConfig)
    UartRecieve                              0x08003f25   Thumb Code    38  usart.o(i.UartRecieve)
    UartSend                                 0x08003f4b   Thumb Code    20  usart.o(i.UartSend)
    UpdateStateTask                          0x08003f61   Thumb Code    24  freertos.o(i.UpdateStateTask)
    UsageFault_Handler                       0x08003f81   Thumb Code     2  stm32f1xx_it.o(i.UsageFault_Handler)
    WaterInjectionSect                       0x08003f85   Thumb Code    80  mainctrl.o(i.WaterInjectionSect)
    _Error_Handler                           0x08003fd9   Thumb Code     2  main.o(i._Error_Handler)
    __0sprintf                               0x08003fdd   Thumb Code    34  printfa.o(i.__0sprintf)
    __1sprintf                               0x08003fdd   Thumb Code     0  printfa.o(i.__0sprintf)
    __2sprintf                               0x08003fdd   Thumb Code     0  printfa.o(i.__0sprintf)
    __c89sprintf                             0x08003fdd   Thumb Code     0  printfa.o(i.__0sprintf)
    sprintf                                  0x08003fdd   Thumb Code     0  printfa.o(i.__0sprintf)
    __ARM_fpclassify                         0x08004005   Thumb Code    40  fpclassify.o(i.__ARM_fpclassify)
    __kernel_poly                            0x0800402d   Thumb Code   170  poly.o(i.__kernel_poly)
    __mathlib_dbl_divzero                    0x080040d9   Thumb Code    12  dunder.o(i.__mathlib_dbl_divzero)
    __mathlib_dbl_infnan                     0x080040e9   Thumb Code     6  dunder.o(i.__mathlib_dbl_infnan)
    __mathlib_dbl_infnan2                    0x080040ef   Thumb Code     4  dunder.o(i.__mathlib_dbl_infnan2)
    __mathlib_dbl_invalid                    0x080040f3   Thumb Code    12  dunder.o(i.__mathlib_dbl_invalid)
    __mathlib_dbl_overflow                   0x080040ff   Thumb Code    14  dunder.o(i.__mathlib_dbl_overflow)
    __mathlib_dbl_underflow                  0x0800410d   Thumb Code    10  dunder.o(i.__mathlib_dbl_underflow)
    __scatterload_copy                       0x0800411d   Thumb Code    14  handlers.o(i.__scatterload_copy)
    __scatterload_null                       0x0800412b   Thumb Code     2  handlers.o(i.__scatterload_null)
    __scatterload_zeroinit                   0x0800412d   Thumb Code    14  handlers.o(i.__scatterload_zeroinit)
    __set_errno                              0x0800413d   Thumb Code     6  errno.o(i.__set_errno)
    cJSON_AddItemToArray                     0x08004add   Thumb Code    28  cjson.o(i.cJSON_AddItemToArray)
    cJSON_AddItemToObject                    0x08004af9   Thumb Code    42  cjson.o(i.cJSON_AddItemToObject)
    cJSON_CreateNumber                       0x08004b29   Thumb Code    36  cjson.o(i.cJSON_CreateNumber)
    cJSON_CreateObject                       0x08004b4d   Thumb Code    16  cjson.o(i.cJSON_CreateObject)
    cJSON_CreateString                       0x08004b5d   Thumb Code    40  cjson.o(i.cJSON_CreateString)
    cJSON_Delete                             0x08004b85   Thumb Code    66  cjson.o(i.cJSON_Delete)
    cJSON_GetArrayItem                       0x08004bcd   Thumb Code    22  cjson.o(i.cJSON_GetArrayItem)
    cJSON_GetObjectItem                      0x08004be3   Thumb Code    34  cjson.o(i.cJSON_GetObjectItem)
    cJSON_HasObjectItem                      0x08004c05   Thumb Code    14  cjson.o(i.cJSON_HasObjectItem)
    cJSON_Parse                              0x08004c31   Thumb Code     8  cjson.o(i.cJSON_Parse)
    cJSON_ParseWithOpts                      0x08004c39   Thumb Code   100  cjson.o(i.cJSON_ParseWithOpts)
    cJSON_PrintUnformatted                   0x08004ca1   Thumb Code    10  cjson.o(i.cJSON_PrintUnformatted)
    delay_init                               0x08004d15   Thumb Code    16  delay.o(i.delay_init)
    floor                                    0x08004d99   Thumb Code   204  floor.o(i.floor)
    free                                     0x08004e75   Thumb Code    76  malloc.o(i.free)
    log                                      0x08004ed1   Thumb Code   808  log.o(i.log)
    main                                     0x0800522d   Thumb Code    74  main.o(i.main)
    malloc                                   0x08005289   Thumb Code    92  malloc.o(i.malloc)
    osDelay                                  0x080052f5   Thumb Code    14  cmsis_os.o(i.osDelay)
    osKernelStart                            0x08005303   Thumb Code    10  cmsis_os.o(i.osKernelStart)
    osSystickHandler                         0x0800530d   Thumb Code    20  cmsis_os.o(i.osSystickHandler)
    osThreadCreate                           0x08005321   Thumb Code    46  cmsis_os.o(i.osThreadCreate)
    osThreadResume                           0x08005351   Thumb Code    46  cmsis_os.o(i.osThreadResume)
    osThreadSuspend                          0x08005385   Thumb Code    10  cmsis_os.o(i.osThreadSuspend)
    osThreadTerminate                        0x0800538f   Thumb Code    10  cmsis_os.o(i.osThreadTerminate)
    pow                                      0x08005931   Thumb Code  2512  pow.o(i.pow)
    pvPortMalloc                             0x08006f91   Thumb Code   210  heap_4.o(i.pvPortMalloc)
    pxPortInitialiseStack                    0x08007069   Thumb Code    32  port.o(i.pxPortInitialiseStack)
    sqrt                                     0x080070a1   Thumb Code    76  sqrt.o(i.sqrt)
    uxListRemove                             0x08007109   Thumb Code    36  list.o(i.uxListRemove)
    vListInitialise                          0x0800712d   Thumb Code    22  list.o(i.vListInitialise)
    vListInitialiseItem                      0x08007143   Thumb Code     6  list.o(i.vListInitialiseItem)
    vListInsert                              0x08007149   Thumb Code    48  list.o(i.vListInsert)
    vListInsertEnd                           0x08007179   Thumb Code    24  list.o(i.vListInsertEnd)
    vPortEnterCritical                       0x08007191   Thumb Code    54  port.o(i.vPortEnterCritical)
    vPortExitCritical                        0x080071d1   Thumb Code    34  port.o(i.vPortExitCritical)
    vPortFree                                0x080071f9   Thumb Code    88  heap_4.o(i.vPortFree)
    vPortSetupTimerInterrupt                 0x08007255   Thumb Code    26  port.o(i.vPortSetupTimerInterrupt)
    vPortValidateInterruptPriority           0x08007275   Thumb Code    74  port.o(i.vPortValidateInterruptPriority)
    vTaskDelay                               0x080072c9   Thumb Code    66  tasks.o(i.vTaskDelay)
    vTaskDelete                              0x08007315   Thumb Code   158  tasks.o(i.vTaskDelete)
    vTaskResume                              0x080073c1   Thumb Code   112  tasks.o(i.vTaskResume)
    vTaskStartScheduler                      0x0800743d   Thumb Code    86  tasks.o(i.vTaskStartScheduler)
    vTaskSuspend                             0x080074a5   Thumb Code   162  tasks.o(i.vTaskSuspend)
    vTaskSuspendAll                          0x08007555   Thumb Code    10  tasks.o(i.vTaskSuspendAll)
    vTaskSwitchContext                       0x08007565   Thumb Code    82  tasks.o(i.vTaskSwitchContext)
    xPortStartScheduler                      0x080075c1   Thumb Code   102  port.o(i.xPortStartScheduler)
    xPortSysTickHandler                      0x08007635   Thumb Code    38  port.o(i.xPortSysTickHandler)
    xTaskCreate                              0x08007661   Thumb Code    86  tasks.o(i.xTaskCreate)
    xTaskGetSchedulerState                   0x080076b9   Thumb Code    22  tasks.o(i.xTaskGetSchedulerState)
    xTaskIncrementTick                       0x080076d5   Thumb Code   192  tasks.o(i.xTaskIncrementTick)
    xTaskResumeAll                           0x0800779d   Thumb Code   182  tasks.o(i.xTaskResumeAll)
    xTaskResumeFromISR                       0x08007861   Thumb Code   128  tasks.o(i.xTaskResumeFromISR)
    AHBPrescTable                            0x080078e8   Data          16  system_stm32f1xx.o(.constdata)
    APBPrescTable                            0x080078f8   Data           8  system_stm32f1xx.o(.constdata)
    __mathlib_zero                           0x08007a18   Data           8  qnan.o(.constdata)
    Region$$Table$$Base                      0x08007a58   Number         0  anon$$obj.o(Region$$Table)
    Region$$Table$$Limit                     0x08007a78   Number         0  anon$$obj.o(Region$$Table)
    SystemCoreClock                          0x20000000   Data           4  system_stm32f1xx.o(.data)
    serialTaskHandle                         0x20000008   Data           4  freertos.o(.data)
    startTaskHandle                          0x2000000c   Data           4  freertos.o(.data)
    updateStateTaskHandle                    0x20000010   Data           4  freertos.o(.data)
    heatpidctrlTaskHandle                    0x20000014   Data           4  freertos.o(.data)
    pxCurrentTCB                             0x2000001c   Data           4  tasks.o(.data)
    uwTick                                   0x2000007c   Data           4  stm32f1xx_hal.o(.data)
    __microlib_freelist                      0x2000008c   Data           4  mvars.o(.data)
    __microlib_freelist_initialised          0x20000090   Data           4  mvars.o(.data)
    hcan                                     0x20000098   Data          68  can.o(.bss)
    hadc1                                    0x200000dc   Data          48  adc.o(.bss)
    hdma_adc1                                0x2000010c   Data          68  adc.o(.bss)
    huart1                                   0x200001b4   Data          64  usart.o(.bss)
    hi2c1                                    0x200001f4   Data          84  i2c.o(.bss)
    htim1                                    0x20000248   Data          64  tim.o(.bss)
    htim2                                    0x20000288   Data          64  tim.o(.bss)
    htim3                                    0x200002c8   Data          64  tim.o(.bss)
    htim4                                    0x20000308   Data          64  tim.o(.bss)
    tim1config                               0x20000348   Data          28  tim.o(.bss)
    tim2config                               0x20000364   Data          28  tim.o(.bss)
    tim3config                               0x20000380   Data          28  tim.o(.bss)
    tim4config                               0x2000039c   Data          28  tim.o(.bss)
    pumpctrl                                 0x20002ca8   Data          84  gs_pumpctrl.o(.bss)
    advalue                                  0x20002cfc   Data         400  gs_adc.o(.bss)
    groove1temp                              0x20002e8c   Data          16  gs_adc.o(.bss)
    groove2temp                              0x20002e9c   Data          16  gs_adc.o(.bss)
    temppid1                                 0x20002eac   Data          36  gs_pidctrl.o(.bss)
    temppid2                                 0x20002ed0   Data          36  gs_pidctrl.o(.bss)
    stepdrv                                  0x20002ef4   Data          44  gs_motoctrl.o(.bss)
    heatdrv1                                 0x20002f20   Data          28  gs_heatctrl.o(.bss)
    heatdrv2                                 0x20002f3c   Data          28  gs_heatctrl.o(.bss)
    __heap_base                              0x20002f58   Data           0  startup_stm32f103xb.o(HEAP)
    __heap_limit                             0x20003f58   Data           0  startup_stm32f103xb.o(HEAP)
    __initial_sp                             0x20004f58   Data           0  startup_stm32f103xb.o(STACK)



==============================================================================

Memory Map of the image

  Image Entry point : 0x080000ed

  Load Region LR_IROM1 (Base: 0x08000000, Size: 0x00007b10, Max: 0x00020000, ABSOLUTE)

    Execution Region ER_IROM1 (Base: 0x08000000, Size: 0x00007a78, Max: 0x00020000, ABSOLUTE)

    Base Addr    Size         Type   Attr      Idx    E Section Name        Object

    0x08000000   0x000000ec   Data   RO            3    RESET               startup_stm32f103xb.o
    0x080000ec   0x00000000   Code   RO         5582  * .ARM.Collect$$$$00000000  mc_w.l(entry.o)
    0x080000ec   0x00000004   Code   RO         5953    .ARM.Collect$$$$00000001  mc_w.l(entry2.o)
    0x080000f0   0x00000004   Code   RO         5956    .ARM.Collect$$$$00000004  mc_w.l(entry5.o)
    0x080000f4   0x00000000   Code   RO         5958    .ARM.Collect$$$$00000008  mc_w.l(entry7b.o)
    0x080000f4   0x00000000   Code   RO         5960    .ARM.Collect$$$$0000000A  mc_w.l(entry8b.o)
    0x080000f4   0x00000008   Code   RO         5961    .ARM.Collect$$$$0000000B  mc_w.l(entry9a.o)
    0x080000fc   0x00000000   Code   RO         5963    .ARM.Collect$$$$0000000D  mc_w.l(entry10a.o)
    0x080000fc   0x00000000   Code   RO         5965    .ARM.Collect$$$$0000000F  mc_w.l(entry11a.o)
    0x080000fc   0x00000004   Code   RO         5954    .ARM.Collect$$$$00002712  mc_w.l(entry2.o)
    0x08000100   0x00000096   Code   RO         1592    .emb_text           port.o
    0x08000196   0x00000002   PAD
    0x08000198   0x00000024   Code   RO            4    .text               startup_stm32f103xb.o
    0x080001bc   0x00000020   Code   RO         5585    .text               mc_w.l(llushr.o)
    0x080001dc   0x0000000c   Code   RO         5587    .text               mc_w.l(tolower.o)
    0x080001e8   0x00000024   Code   RO         5589    .text               mc_w.l(memcpya.o)
    0x0800020c   0x00000024   Code   RO         5591    .text               mc_w.l(memseta.o)
    0x08000230   0x00000014   Code   RO         5593    .text               mc_w.l(strchr.o)
    0x08000244   0x0000000e   Code   RO         5595    .text               mc_w.l(strlen.o)
    0x08000252   0x00000012   Code   RO         5597    .text               mc_w.l(strcpy.o)
    0x08000264   0x0000001e   Code   RO         5599    .text               mc_w.l(strncmp.o)
    0x08000282   0x000000b0   Code   RO         5892    .text               mf_w.l(fadd.o)
    0x08000332   0x00000064   Code   RO         5894    .text               mf_w.l(fmul.o)
    0x08000396   0x0000007c   Code   RO         5896    .text               mf_w.l(fdiv.o)
    0x08000412   0x00000018   Code   RO         5898    .text               mf_w.l(fscalb.o)
    0x0800042a   0x0000014e   Code   RO         5900    .text               mf_w.l(dadd.o)
    0x08000578   0x000000e4   Code   RO         5902    .text               mf_w.l(dmul.o)
    0x0800065c   0x000000de   Code   RO         5904    .text               mf_w.l(ddiv.o)
    0x0800073a   0x0000000a   Code   RO         5906    .text               mf_w.l(ffltui.o)
    0x08000744   0x00000022   Code   RO         5908    .text               mf_w.l(dflti.o)
    0x08000766   0x0000001a   Code   RO         5910    .text               mf_w.l(dfltui.o)
    0x08000780   0x00000032   Code   RO         5912    .text               mf_w.l(ffixi.o)
    0x080007b2   0x0000003e   Code   RO         5914    .text               mf_w.l(dfixi.o)
    0x080007f0   0x00000032   Code   RO         5916    .text               mf_w.l(dfixui.o)
    0x08000822   0x00000026   Code   RO         5918    .text               mf_w.l(f2d.o)
    0x08000848   0x00000030   Code   RO         5920    .text               mf_w.l(cdcmple.o)
    0x08000878   0x00000030   Code   RO         5922    .text               mf_w.l(cdrcmple.o)
    0x080008a8   0x00000014   Code   RO         5924    .text               mf_w.l(cfrcmple.o)
    0x080008bc   0x0000002c   Code   RO         5968    .text               mc_w.l(uidiv.o)
    0x080008e8   0x00000062   Code   RO         5970    .text               mc_w.l(uldiv.o)
    0x0800094a   0x0000001e   Code   RO         5972    .text               mc_w.l(llshl.o)
    0x08000968   0x00000024   Code   RO         5974    .text               mc_w.l(llsshr.o)
    0x0800098c   0x00000000   Code   RO         5985    .text               mc_w.l(iusefp.o)
    0x0800098c   0x0000006e   Code   RO         5986    .text               mf_w.l(fepilogue.o)
    0x080009fa   0x000000ba   Code   RO         5988    .text               mf_w.l(depilogue.o)
    0x08000ab4   0x0000002e   Code   RO         5990    .text               mf_w.l(dscalb.o)
    0x08000ae2   0x00000030   Code   RO         5992    .text               mf_w.l(dfixul.o)
    0x08000b12   0x00000002   PAD
    0x08000b14   0x00000024   Code   RO         5994    .text               mc_w.l(init.o)
    0x08000b38   0x000000a2   Code   RO         5996    .text               mf_w.l(dsqrt.o)
    0x08000bda   0x00000002   PAD
    0x08000bdc   0x0000004c   Code   RO         3355    i.ADC_ConversionStop_Disable  stm32f1xx_hal_adc.o
    0x08000c28   0x0000004e   Code   RO         3356    i.ADC_DMAConvCplt   stm32f1xx_hal_adc.o
    0x08000c76   0x0000001a   Code   RO         3357    i.ADC_DMAError      stm32f1xx_hal_adc.o
    0x08000c90   0x0000000a   Code   RO         3358    i.ADC_DMAHalfConvCplt  stm32f1xx_hal_adc.o
    0x08000c9a   0x00000002   PAD
    0x08000c9c   0x00000070   Code   RO         3359    i.ADC_Enable        stm32f1xx_hal_adc.o
    0x08000d0c   0x0000006c   Code   RO         5386    i.AdvalueFilter     gs_adc.o
    0x08000d78   0x00000002   Code   RO          144    i.BusFault_Handler  stm32f1xx_it.o
    0x08000d7a   0x00000002   PAD
    0x08000d7c   0x0000000c   Code   RO          145    i.DMA1_Channel1_IRQHandler  stm32f1xx_it.o
    0x08000d88   0x0000002a   Code   RO         3861    i.DMA_SetConfig     stm32f1xx_hal_dma.o
    0x08000db2   0x00000002   Code   RO          146    i.DebugMon_Handler  stm32f1xx_it.o
    0x08000db4   0x0000001e   Code   RO          147    i.EXTI15_10_IRQHandler  stm32f1xx_it.o
    0x08000dd2   0x00000002   PAD
    0x08000dd4   0x000000fc   Code   RO         3361    i.HAL_ADC_ConfigChannel  stm32f1xx_hal_adc.o
    0x08000ed0   0x00000002   Code   RO         3362    i.HAL_ADC_ConvCpltCallback  stm32f1xx_hal_adc.o
    0x08000ed2   0x00000002   Code   RO         3363    i.HAL_ADC_ConvHalfCpltCallback  stm32f1xx_hal_adc.o
    0x08000ed4   0x00000002   Code   RO         3365    i.HAL_ADC_ErrorCallback  stm32f1xx_hal_adc.o
    0x08000ed6   0x00000002   PAD
    0x08000ed8   0x0000011c   Code   RO         3370    i.HAL_ADC_Init      stm32f1xx_hal_adc.o
    0x08000ff4   0x0000008c   Code   RO          395    i.HAL_ADC_MspInit   adc.o
    0x08001080   0x0000010c   Code   RO         3377    i.HAL_ADC_Start_DMA  stm32f1xx_hal_adc.o
    0x0800118c   0x0000012c   Code   RO         4048    i.HAL_CAN_Init      stm32f1xx_hal_can.o
    0x080012b8   0x00000058   Code   RO          329    i.HAL_CAN_MspInit   can.o
    0x08001310   0x00000154   Code   RO         3867    i.HAL_DMA_IRQHandler  stm32f1xx_hal_dma.o
    0x08001464   0x00000064   Code   RO         3868    i.HAL_DMA_Init      stm32f1xx_hal_dma.o
    0x080014c8   0x00000070   Code   RO         3872    i.HAL_DMA_Start_IT  stm32f1xx_hal_dma.o
    0x08001538   0x00000040   Code   RO         5308    i.HAL_GPIO_EXTI_Callback  mainctrl.o
    0x08001578   0x00000018   Code   RO         3291    i.HAL_GPIO_EXTI_IRQHandler  stm32f1xx_hal_gpio.o
    0x08001590   0x000001bc   Code   RO         3292    i.HAL_GPIO_Init     stm32f1xx_hal_gpio.o
    0x0800174c   0x0000000a   Code   RO         3294    i.HAL_GPIO_ReadPin  stm32f1xx_hal_gpio.o
    0x08001756   0x0000000a   Code   RO         3296    i.HAL_GPIO_WritePin  stm32f1xx_hal_gpio.o
    0x08001760   0x0000000c   Code   RO         2081    i.HAL_GetTick       stm32f1xx_hal.o
    0x0800176c   0x00000108   Code   RO         2324    i.HAL_I2C_Init      stm32f1xx_hal_i2c.o
    0x08001874   0x00000044   Code   RO          670    i.HAL_I2C_MspInit   i2c.o
    0x080018b8   0x00000010   Code   RO         2083    i.HAL_IncTick       stm32f1xx_hal.o
    0x080018c8   0x00000024   Code   RO         2084    i.HAL_Init          stm32f1xx_hal.o
    0x080018ec   0x00000028   Code   RO         2085    i.HAL_InitTick      stm32f1xx_hal.o
    0x08001914   0x00000084   Code   RO          370    i.HAL_MspInit       stm32f1xx_hal_msp.o
    0x08001998   0x00000016   Code   RO         2816    i.HAL_NVIC_EnableIRQ  stm32f1xx_hal_cortex.o
    0x080019ae   0x00000002   PAD
    0x080019b0   0x00000040   Code   RO         2822    i.HAL_NVIC_SetPriority  stm32f1xx_hal_cortex.o
    0x080019f0   0x00000024   Code   RO         2823    i.HAL_NVIC_SetPriorityGrouping  stm32f1xx_hal_cortex.o
    0x08001a14   0x000000ec   Code   RO         1940    i.HAL_RCCEx_PeriphCLKConfig  stm32f1xx_hal_rcc_ex.o
    0x08001b00   0x00000002   Code   RO         2211    i.HAL_RCC_CSSCallback  stm32f1xx_hal_rcc.o
    0x08001b02   0x00000002   PAD
    0x08001b04   0x00000154   Code   RO         2212    i.HAL_RCC_ClockConfig  stm32f1xx_hal_rcc.o
    0x08001c58   0x0000000c   Code   RO         2215    i.HAL_RCC_EnableCSS  stm32f1xx_hal_rcc.o
    0x08001c64   0x0000000c   Code   RO         2217    i.HAL_RCC_GetHCLKFreq  stm32f1xx_hal_rcc.o
    0x08001c70   0x00000020   Code   RO         2219    i.HAL_RCC_GetPCLK1Freq  stm32f1xx_hal_rcc.o
    0x08001c90   0x00000020   Code   RO         2220    i.HAL_RCC_GetPCLK2Freq  stm32f1xx_hal_rcc.o
    0x08001cb0   0x0000006c   Code   RO         2221    i.HAL_RCC_GetSysClockFreq  stm32f1xx_hal_rcc.o
    0x08001d1c   0x00000018   Code   RO         2223    i.HAL_RCC_NMI_IRQHandler  stm32f1xx_hal_rcc.o
    0x08001d34   0x00000304   Code   RO         2224    i.HAL_RCC_OscConfig  stm32f1xx_hal_rcc.o
    0x08002038   0x00000018   Code   RO         2825    i.HAL_SYSTICK_CLKSourceConfig  stm32f1xx_hal_cortex.o
    0x08002050   0x00000028   Code   RO         2827    i.HAL_SYSTICK_Config  stm32f1xx_hal_cortex.o
    0x08002078   0x00000002   Code   RO         3056    i.HAL_TIMEx_BreakCallback  stm32f1xx_hal_tim_ex.o
    0x0800207a   0x00000002   Code   RO         3057    i.HAL_TIMEx_CommutationCallback  stm32f1xx_hal_tim_ex.o
    0x0800207c   0x0000005a   Code   RO         3058    i.HAL_TIMEx_ConfigBreakDeadTime  stm32f1xx_hal_tim_ex.o
    0x080020d6   0x00000050   Code   RO         3073    i.HAL_TIMEx_MasterConfigSynchronization  stm32f1xx_hal_tim_ex.o
    0x08002126   0x00000002   PAD
    0x08002128   0x00000094   Code   RO         5309    i.HAL_TIM_IC_CaptureCallback  mainctrl.o
    0x080021bc   0x0000011a   Code   RO         4198    i.HAL_TIM_IC_ConfigChannel  stm32f1xx_hal_tim.o
    0x080022d6   0x00000036   Code   RO         4201    i.HAL_TIM_IC_Init   stm32f1xx_hal_tim.o
    0x0800230c   0x0000004c   Code   RO          712    i.HAL_TIM_IC_MspInit  tim.o
    0x08002358   0x0000004c   Code   RO         4206    i.HAL_TIM_IC_Start_IT  stm32f1xx_hal_tim.o
    0x080023a4   0x0000005e   Code   RO         4209    i.HAL_TIM_IC_Stop_IT  stm32f1xx_hal_tim.o
    0x08002402   0x00000166   Code   RO         4210    i.HAL_TIM_IRQHandler  stm32f1xx_hal_tim.o
    0x08002568   0x00000088   Code   RO          713    i.HAL_TIM_MspPostInit  tim.o
    0x080025f0   0x00000002   Code   RO         4213    i.HAL_TIM_OC_DelayElapsedCallback  stm32f1xx_hal_tim.o
    0x080025f2   0x000000d0   Code   RO         4234    i.HAL_TIM_PWM_ConfigChannel  stm32f1xx_hal_tim.o
    0x080026c2   0x00000036   Code   RO         4237    i.HAL_TIM_PWM_Init  stm32f1xx_hal_tim.o
    0x080026f8   0x0000007c   Code   RO          715    i.HAL_TIM_PWM_MspInit  tim.o
    0x08002774   0x0000005c   Code   RO         5310    i.HAL_TIM_PWM_PulseFinishedCallback  mainctrl.o
    0x080027d0   0x00000030   Code   RO         4241    i.HAL_TIM_PWM_Start  stm32f1xx_hal_tim.o
    0x08002800   0x00000060   Code   RO         4243    i.HAL_TIM_PWM_Start_IT  stm32f1xx_hal_tim.o
    0x08002860   0x00000054   Code   RO         4244    i.HAL_TIM_PWM_Stop  stm32f1xx_hal_tim.o
    0x080028b4   0x00000080   Code   RO         4246    i.HAL_TIM_PWM_Stop_IT  stm32f1xx_hal_tim.o
    0x08002934   0x00000002   Code   RO         4247    i.HAL_TIM_PeriodElapsedCallback  stm32f1xx_hal_tim.o
    0x08002936   0x00000002   Code   RO         4251    i.HAL_TIM_TriggerCallback  stm32f1xx_hal_tim.o
    0x08002938   0x0000000a   Code   RO         3558    i.HAL_UART_GetState  stm32f1xx_hal_uart.o
    0x08002942   0x00000062   Code   RO         3560    i.HAL_UART_Init     stm32f1xx_hal_uart.o
    0x080029a4   0x00000058   Code   RO          616    i.HAL_UART_MspInit  usart.o
    0x080029fc   0x000000b8   Code   RO         3563    i.HAL_UART_Receive  stm32f1xx_hal_uart.o
    0x08002ab4   0x000000ba   Code   RO         3568    i.HAL_UART_Transmit  stm32f1xx_hal_uart.o
    0x08002b6e   0x00000002   PAD
    0x08002b70   0x00000024   Code   RO          148    i.HardFault_Handler  stm32f1xx_it.o
    0x08002b94   0x000000d0   Code   RO         5311    i.HeatPidCtrl       mainctrl.o
    0x08002c64   0x0000000c   Code   RO          463    i.HeatPidCtrlTask   freertos.o
    0x08002c70   0x00000010   Code   RO         5387    i.InitAdCtrl        gs_adc.o
    0x08002c80   0x00000018   Code   RO         5180    i.InitGpioinfo      gs_gpio.o
    0x08002c98   0x00000020   Code   RO         5515    i.InitHeatCtrl      gs_heatctrl.o
    0x08002cb8   0x00000030   Code   RO         5465    i.InitMotoCtrl      gs_motoctrl.o
    0x08002ce8   0x00000028   Code   RO         5428    i.InitPidCtrl       gs_pidctrl.o
    0x08002d10   0x00000064   Code   RO         5214    i.InitPumpCtrl      gs_pumpctrl.o
    0x08002d74   0x0000008c   Code   RO         5312    i.InitallConfig     mainctrl.o
    0x08002e00   0x00000080   Code   RO          396    i.MX_ADC1_Init      adc.o
    0x08002e80   0x00000050   Code   RO          330    i.MX_CAN_Init       can.o
    0x08002ed0   0x0000002c   Code   RO          547    i.MX_DMA_Init       dma.o
    0x08002efc   0x00000078   Code   RO          464    i.MX_FREERTOS_Init  freertos.o
    0x08002f74   0x00000110   Code   RO          439    i.MX_GPIO_Init      gpio.o
    0x08003084   0x00000054   Code   RO          671    i.MX_I2C1_Init      i2c.o
    0x080030d8   0x000000b4   Code   RO          716    i.MX_TIM1_Init      tim.o
    0x0800318c   0x000000c8   Code   RO          717    i.MX_TIM2_Init      tim.o
    0x08003254   0x00000080   Code   RO          718    i.MX_TIM3_Init      tim.o
    0x080032d4   0x00000084   Code   RO          719    i.MX_TIM4_Init      tim.o
    0x08003358   0x0000004c   Code   RO          617    i.MX_USART1_UART_Init  usart.o
    0x080033a4   0x00000002   Code   RO          149    i.MemManage_Handler  stm32f1xx_it.o
    0x080033a6   0x00000004   Code   RO          150    i.NMI_Handler       stm32f1xx_it.o
    0x080033aa   0x00000020   Code   RO         2829    i.NVIC_SetPriority  stm32f1xx_hal_cortex.o
    0x080033ca   0x00000002   PAD
    0x080033cc   0x000003a4   Code   RO         5274    i.ParseCommand      parsecmd.o
    0x08003770   0x0000005e   Code   RO         5429    i.PidParamCalculate  gs_pidctrl.o
    0x080037ce   0x00000002   PAD
    0x080037d0   0x0000005c   Code   RO          465    i.SerialTask        freertos.o
    0x0800382c   0x0000002c   Code   RO          466    i.StartTask         freertos.o
    0x08003858   0x000000f0   Code   RO         5313    i.SteperrateCtrl    mainctrl.o
    0x08003948   0x00000050   Code   RO         5314    i.StepperInit       mainctrl.o
    0x08003998   0x00000054   Code   RO         5315    i.StepperStart      mainctrl.o
    0x080039ec   0x00000012   Code   RO         5316    i.StepperStop       mainctrl.o
    0x080039fe   0x0000000e   Code   RO          151    i.SysTick_Handler   stm32f1xx_it.o
    0x08003a0c   0x0000007e   Code   RO          571    i.SystemClock_Config  main.o
    0x08003a8a   0x00000002   PAD
    0x08003a8c   0x00000048   Code   RO           14    i.SystemInit        system_stm32f1xx.o
    0x08003ad4   0x0000000c   Code   RO          152    i.TIM2_IRQHandler   stm32f1xx_it.o
    0x08003ae0   0x0000000c   Code   RO          153    i.TIM3_IRQHandler   stm32f1xx_it.o
    0x08003aec   0x0000000c   Code   RO          154    i.TIM4_IRQHandler   stm32f1xx_it.o
    0x08003af8   0x0000006c   Code   RO         4252    i.TIM_Base_SetConfig  stm32f1xx_hal_tim.o
    0x08003b64   0x00000016   Code   RO         4253    i.TIM_CCxChannelCmd  stm32f1xx_hal_tim.o
    0x08003b7a   0x00000002   PAD
    0x08003b7c   0x00000050   Code   RO         4261    i.TIM_OC1_SetConfig  stm32f1xx_hal_tim.o
    0x08003bcc   0x00000058   Code   RO         4262    i.TIM_OC2_SetConfig  stm32f1xx_hal_tim.o
    0x08003c24   0x00000058   Code   RO         4263    i.TIM_OC3_SetConfig  stm32f1xx_hal_tim.o
    0x08003c7c   0x00000044   Code   RO         4264    i.TIM_OC4_SetConfig  stm32f1xx_hal_tim.o
    0x08003cc0   0x00000058   Code   RO         4267    i.TIM_TI1_SetConfig  stm32f1xx_hal_tim.o
    0x08003d18   0x00000036   Code   RO         4269    i.TIM_TI2_SetConfig  stm32f1xx_hal_tim.o
    0x08003d4e   0x00000002   PAD
    0x08003d50   0x00000170   Code   RO         3586    i.UART_SetConfig    stm32f1xx_hal_uart.o
    0x08003ec0   0x00000064   Code   RO         3588    i.UART_WaitOnFlagUntilTimeout  stm32f1xx_hal_uart.o
    0x08003f24   0x00000026   Code   RO          618    i.UartRecieve       usart.o
    0x08003f4a   0x00000014   Code   RO          619    i.UartSend          usart.o
    0x08003f5e   0x00000002   PAD
    0x08003f60   0x00000020   Code   RO          467    i.UpdateStateTask   freertos.o
    0x08003f80   0x00000002   Code   RO          155    i.UsageFault_Handler  stm32f1xx_it.o
    0x08003f82   0x00000002   PAD
    0x08003f84   0x00000054   Code   RO         5317    i.WaterInjectionSect  mainctrl.o
    0x08003fd8   0x00000002   Code   RO          572    i._Error_Handler    main.o
    0x08003fda   0x00000002   PAD
    0x08003fdc   0x00000028   Code   RO         5838    i.__0sprintf        mc_w.l(printfa.o)
    0x08004004   0x00000028   Code   RO         5940    i.__ARM_fpclassify  m_ws.l(fpclassify.o)
    0x0800402c   0x000000aa   Code   RO         5942    i.__kernel_poly     m_ws.l(poly.o)
    0x080040d6   0x00000002   PAD
    0x080040d8   0x00000010   Code   RO         5926    i.__mathlib_dbl_divzero  m_ws.l(dunder.o)
    0x080040e8   0x00000006   Code   RO         5927    i.__mathlib_dbl_infnan  m_ws.l(dunder.o)
    0x080040ee   0x00000004   Code   RO         5928    i.__mathlib_dbl_infnan2  m_ws.l(dunder.o)
    0x080040f2   0x0000000c   Code   RO         5929    i.__mathlib_dbl_invalid  m_ws.l(dunder.o)
    0x080040fe   0x0000000e   Code   RO         5930    i.__mathlib_dbl_overflow  m_ws.l(dunder.o)
    0x0800410c   0x00000010   Code   RO         5932    i.__mathlib_dbl_underflow  m_ws.l(dunder.o)
    0x0800411c   0x0000000e   Code   RO         6000    i.__scatterload_copy  mc_w.l(handlers.o)
    0x0800412a   0x00000002   Code   RO         6001    i.__scatterload_null  mc_w.l(handlers.o)
    0x0800412c   0x0000000e   Code   RO         6002    i.__scatterload_zeroinit  mc_w.l(handlers.o)
    0x0800413a   0x00000002   PAD
    0x0800413c   0x0000000c   Code   RO         5980    i.__set_errno       mc_w.l(errno.o)
    0x08004148   0x00000004   Code   RO         5466    i._checkmovingstate  gs_motoctrl.o
    0x0800414c   0x00000006   Code   RO         5215    i._closepumpvalve   gs_pumpctrl.o
    0x08004152   0x00000002   PAD
    0x08004154   0x00000164   Code   RO         5843    i._fp_digits        mc_w.l(printfa.o)
    0x080042b8   0x00000006   Code   RO         5216    i._openpumpvalve    gs_pumpctrl.o
    0x080042be   0x00000002   PAD
    0x080042c0   0x000006dc   Code   RO         5844    i._printf_core      mc_w.l(printfa.o)
    0x0800499c   0x00000024   Code   RO         5845    i._printf_post_padding  mc_w.l(printfa.o)
    0x080049c0   0x0000002e   Code   RO         5846    i._printf_pre_padding  mc_w.l(printfa.o)
    0x080049ee   0x00000008   Code   RO         5181    i._readpin          gs_gpio.o
    0x080049f6   0x00000006   Code   RO         5217    i._readpumpstate    gs_pumpctrl.o
    0x080049fc   0x00000004   Code   RO         5218    i._readvalvestate   gs_pumpctrl.o
    0x08004a00   0x0000002c   Code   RO         5467    i._setdutycycle     gs_motoctrl.o
    0x08004a2c   0x0000001e   Code   RO         5516    i._setdutycycle     gs_heatctrl.o
    0x08004a4a   0x0000000a   Code   RO         5848    i._sputc            mc_w.l(printfa.o)
    0x08004a54   0x00000008   Code   RO         5517    i._startheat        gs_heatctrl.o
    0x08004a5c   0x00000008   Code   RO         5468    i._startmoto        gs_motoctrl.o
    0x08004a64   0x00000008   Code   RO         5219    i._startpump        gs_pumpctrl.o
    0x08004a6c   0x00000008   Code   RO         5518    i._stopheat         gs_heatctrl.o
    0x08004a74   0x00000008   Code   RO         5469    i._stopmoto         gs_motoctrl.o
    0x08004a7c   0x00000008   Code   RO         5220    i._stoppump         gs_pumpctrl.o
    0x08004a84   0x0000004c   Code   RO         5388    i._updateadvalue    gs_adc.o
    0x08004ad0   0x0000000c   Code   RO         5182    i._writepin         gs_gpio.o
    0x08004adc   0x0000001c   Code   RO         4832    i.cJSON_AddItemToArray  cjson.o
    0x08004af8   0x00000030   Code   RO         4833    i.cJSON_AddItemToObject  cjson.o
    0x08004b28   0x00000024   Code   RO         4842    i.cJSON_CreateNumber  cjson.o
    0x08004b4c   0x00000010   Code   RO         4843    i.cJSON_CreateObject  cjson.o
    0x08004b5c   0x00000028   Code   RO         4844    i.cJSON_CreateString  cjson.o
    0x08004b84   0x00000048   Code   RO         4847    i.cJSON_Delete      cjson.o
    0x08004bcc   0x00000016   Code   RO         4853    i.cJSON_GetArrayItem  cjson.o
    0x08004be2   0x00000022   Code   RO         4856    i.cJSON_GetObjectItem  cjson.o
    0x08004c04   0x0000000e   Code   RO         4857    i.cJSON_HasObjectItem  cjson.o
    0x08004c12   0x00000002   PAD
    0x08004c14   0x0000001c   Code   RO         4861    i.cJSON_New_Item    cjson.o
    0x08004c30   0x00000008   Code   RO         4862    i.cJSON_Parse       cjson.o
    0x08004c38   0x00000068   Code   RO         4863    i.cJSON_ParseWithOpts  cjson.o
    0x08004ca0   0x0000000a   Code   RO         4866    i.cJSON_PrintUnformatted  cjson.o
    0x08004caa   0x00000042   Code   RO         4869    i.cJSON_strcasecmp  cjson.o
    0x08004cec   0x00000028   Code   RO         4870    i.cJSON_strdup      cjson.o
    0x08004d14   0x00000014   Code   RO          789    i.delay_init        delay.o
    0x08004d28   0x00000070   Code   RO         4872    i.ensure            cjson.o
    0x08004d98   0x000000dc   Code   RO         5559    i.floor             m_ws.l(floor.o)
    0x08004e74   0x00000050   Code   RO         5864    i.free              mc_w.l(malloc.o)
    0x08004ec4   0x0000000c   Code   RO          856    i.inHandlerMode     cmsis_os.o
    0x08004ed0   0x0000035c   Code   RO         5563    i.log               m_ws.l(log.o)
    0x0800522c   0x00000050   Code   RO          573    i.main              main.o
    0x0800527c   0x0000000c   Code   RO          858    i.makeFreeRtosPriority  cmsis_os.o
    0x08005288   0x0000006c   Code   RO         5865    i.malloc            mc_w.l(malloc.o)
    0x080052f4   0x0000000e   Code   RO          860    i.osDelay           cmsis_os.o
    0x08005302   0x0000000a   Code   RO          863    i.osKernelStart     cmsis_os.o
    0x0800530c   0x00000014   Code   RO          896    i.osSystickHandler  cmsis_os.o
    0x08005320   0x0000002e   Code   RO          897    i.osThreadCreate    cmsis_os.o
    0x0800534e   0x00000002   PAD
    0x08005350   0x00000034   Code   RO          901    i.osThreadResume    cmsis_os.o
    0x08005384   0x0000000a   Code   RO          904    i.osThreadSuspend   cmsis_os.o
    0x0800538e   0x0000000a   Code   RO          906    i.osThreadTerminate  cmsis_os.o
    0x08005398   0x00000074   Code   RO         4873    i.parse_array       cjson.o
    0x0800540c   0x000000a6   Code   RO         4874    i.parse_hex4        cjson.o
    0x080054b2   0x00000002   PAD
    0x080054b4   0x00000158   Code   RO         4875    i.parse_number      cjson.o
    0x0800560c   0x000000d8   Code   RO         4876    i.parse_object      cjson.o
    0x080056e4   0x00000190   Code   RO         4877    i.parse_string      cjson.o
    0x08005874   0x000000bc   Code   RO         4878    i.parse_value       cjson.o
    0x08005930   0x000009d8   Code   RO         5573    i.pow               m_ws.l(pow.o)
    0x08006308   0x000001d0   Code   RO         4879    i.print_array       cjson.o
    0x080064d8   0x00000164   Code   RO         4880    i.print_number      cjson.o
    0x0800663c   0x00000384   Code   RO         4881    i.print_object      cjson.o
    0x080069c0   0x00000006   Code   RO         4882    i.print_string      cjson.o
    0x080069c6   0x00000002   PAD
    0x080069c8   0x00000178   Code   RO         4883    i.print_string_ptr  cjson.o
    0x08006b40   0x000000e0   Code   RO         4884    i.print_value       cjson.o
    0x08006c20   0x00000070   Code   RO         1292    i.prvAddCurrentTaskToDelayedList  tasks.o
    0x08006c90   0x000000d0   Code   RO         1293    i.prvAddNewTaskToReadyList  tasks.o
    0x08006d60   0x00000050   Code   RO         1294    i.prvCheckTasksWaitingTermination  tasks.o
    0x08006db0   0x00000014   Code   RO         1295    i.prvDeleteTCB      tasks.o
    0x08006dc4   0x0000004c   Code   RO         1874    i.prvHeapInit       heap_4.o
    0x08006e10   0x00000028   Code   RO         1296    i.prvIdleTask       tasks.o
    0x08006e38   0x0000008e   Code   RO         1297    i.prvInitialiseNewTask  tasks.o
    0x08006ec6   0x00000002   PAD
    0x08006ec8   0x0000004c   Code   RO         1875    i.prvInsertBlockIntoFreeList  heap_4.o
    0x08006f14   0x00000020   Code   RO         1298    i.prvResetNextTaskUnblockTime  tasks.o
    0x08006f34   0x00000028   Code   RO         1593    i.prvTaskExitError  port.o
    0x08006f5c   0x00000034   Code   RO         1299    i.prvTaskIsTaskSuspended  tasks.o
    0x08006f90   0x000000d8   Code   RO         1876    i.pvPortMalloc      heap_4.o
    0x08007068   0x00000024   Code   RO         1594    i.pxPortInitialiseStack  port.o
    0x0800708c   0x00000014   Code   RO         4885    i.skip              cjson.o
    0x080070a0   0x0000004c   Code   RO         5946    i.sqrt              m_ws.l(sqrt.o)
    0x080070ec   0x0000001c   Code   RO         4886    i.update            cjson.o
    0x08007108   0x00000024   Code   RO         1240    i.uxListRemove      list.o
    0x0800712c   0x00000016   Code   RO         1241    i.vListInitialise   list.o
    0x08007142   0x00000006   Code   RO         1242    i.vListInitialiseItem  list.o
    0x08007148   0x00000030   Code   RO         1243    i.vListInsert       list.o
    0x08007178   0x00000018   Code   RO         1244    i.vListInsertEnd    list.o
    0x08007190   0x00000040   Code   RO         1596    i.vPortEnterCritical  port.o
    0x080071d0   0x00000028   Code   RO         1597    i.vPortExitCritical  port.o
    0x080071f8   0x0000005c   Code   RO         1877    i.vPortFree         heap_4.o
    0x08007254   0x00000020   Code   RO         1598    i.vPortSetupTimerInterrupt  port.o
    0x08007274   0x00000054   Code   RO         1599    i.vPortValidateInterruptPriority  port.o
    0x080072c8   0x0000004c   Code   RO         1306    i.vTaskDelay        tasks.o
    0x08007314   0x000000ac   Code   RO         1308    i.vTaskDelete       tasks.o
    0x080073c0   0x0000007c   Code   RO         1316    i.vTaskResume       tasks.o
    0x0800743c   0x00000068   Code   RO         1318    i.vTaskStartScheduler  tasks.o
    0x080074a4   0x000000b0   Code   RO         1319    i.vTaskSuspend      tasks.o
    0x08007554   0x00000010   Code   RO         1320    i.vTaskSuspendAll   tasks.o
    0x08007564   0x0000005c   Code   RO         1321    i.vTaskSwitchContext  tasks.o
    0x080075c0   0x00000074   Code   RO         1600    i.xPortStartScheduler  port.o
    0x08007634   0x0000002c   Code   RO         1601    i.xPortSysTickHandler  port.o
    0x08007660   0x00000056   Code   RO         1323    i.xTaskCreate       tasks.o
    0x080076b6   0x00000002   PAD
    0x080076b8   0x0000001c   Code   RO         1327    i.xTaskGetSchedulerState  tasks.o
    0x080076d4   0x000000c8   Code   RO         1330    i.xTaskIncrementTick  tasks.o
    0x0800779c   0x000000c4   Code   RO         1336    i.xTaskResumeAll    tasks.o
    0x08007860   0x00000088   Code   RO         1337    i.xTaskResumeFromISR  tasks.o
    0x080078e8   0x00000010   Data   RO           15    .constdata          system_stm32f1xx.o
    0x080078f8   0x00000008   Data   RO           16    .constdata          system_stm32f1xx.o
    0x08007900   0x00000050   Data   RO          469    .constdata          freertos.o
    0x08007950   0x00000007   Data   RO         4887    .constdata          cjson.o
    0x08007957   0x00000001   PAD
    0x08007958   0x00000038   Data   RO         5564    .constdata          m_ws.l(log.o)
    0x08007990   0x00000088   Data   RO         5574    .constdata          m_ws.l(pow.o)
    0x08007a18   0x00000008   Data   RO         5944    .constdata          m_ws.l(qnan.o)
    0x08007a20   0x00000036   Data   RO          470    .conststring        freertos.o
    0x08007a56   0x00000002   PAD
    0x08007a58   0x00000020   Data   RO         5998    Region$$Table       anon$$obj.o


    Execution Region RW_IRAM1 (Base: 0x20000000, Size: 0x00004f58, Max: 0x00005000, ABSOLUTE)

    Base Addr    Size         Type   Attr      Idx    E Section Name        Object

    0x20000000   0x00000004   Data   RW           17    .data               system_stm32f1xx.o
    0x20000004   0x00000014   Data   RW          471    .data               freertos.o
    0x20000018   0x00000004   Data   RW          792    .data               delay.o
    0x2000001c   0x0000003c   Data   RW         1339    .data               tasks.o
    0x20000058   0x0000000c   Data   RW         1602    .data               port.o
    0x20000064   0x00000018   Data   RW         1882    .data               heap_4.o
    0x2000007c   0x00000004   Data   RW         2090    .data               stm32f1xx_hal.o
    0x20000080   0x0000000c   Data   RW         4888    .data               cjson.o
    0x2000008c   0x00000004   Data   RW         5976    .data               mc_w.l(mvars.o)
    0x20000090   0x00000004   Data   RW         5977    .data               mc_w.l(mvars.o)
    0x20000094   0x00000004   Data   RW         5981    .data               mc_w.l(errno.o)
    0x20000098   0x00000044   Zero   RW          331    .bss                can.o
    0x200000dc   0x00000074   Zero   RW          397    .bss                adc.o
    0x20000150   0x00000064   Zero   RW          468    .bss                freertos.o
    0x200001b4   0x00000040   Zero   RW          620    .bss                usart.o
    0x200001f4   0x00000054   Zero   RW          672    .bss                i2c.o
    0x20000248   0x00000170   Zero   RW          720    .bss                tim.o
    0x200003b8   0x000000f0   Zero   RW         1338    .bss                tasks.o
    0x200004a8   0x00002800   Zero   RW         1881    .bss                heap_4.o
    0x20002ca8   0x00000054   Zero   RW         5221    .bss                gs_pumpctrl.o
    0x20002cfc   0x00000190   Zero   RW         5389    .bss                gs_adc.o
    0x20002e8c   0x00000010   Zero   RW         5390    .bss                gs_adc.o
    0x20002e9c   0x00000010   Zero   RW         5391    .bss                gs_adc.o
    0x20002eac   0x00000024   Zero   RW         5430    .bss                gs_pidctrl.o
    0x20002ed0   0x00000024   Zero   RW         5431    .bss                gs_pidctrl.o
    0x20002ef4   0x0000002c   Zero   RW         5470    .bss                gs_motoctrl.o
    0x20002f20   0x0000001c   Zero   RW         5519    .bss                gs_heatctrl.o
    0x20002f3c   0x0000001c   Zero   RW         5520    .bss                gs_heatctrl.o
    0x20002f58   0x00001000   Zero   RW            2    HEAP                startup_stm32f103xb.o
    0x20003f58   0x00001000   Zero   RW            1    STACK               startup_stm32f103xb.o


==============================================================================

Image component sizes


      Code (inc. data)   RO Data    RW Data    ZI Data      Debug   Object Name

       268         64          0          0        116       1579   adc.o
       168         36          0          0         68       1479   can.o
      4482        208          7         12          0      23317   cjson.o
       186          6          0          0          0      17115   cmsis_os.o
        20          4          0          4          0        613   delay.o
        44          4          0          0          0        682   dma.o
       300         34        134         20        100       5091   freertos.o
       272         20          0          0          0        943   gpio.o
       200         26          0          0        432       2883   gs_adc.o
        44         10          0          0          0       1595   gs_gpio.o
        78         12          0          0         56       2887   gs_heatctrl.o
       112         22          0          0         44       3921   gs_motoctrl.o
       134         14          0          0         72       1954   gs_pidctrl.o
       138         34          0          0         84       3838   gs_pumpctrl.o
       460         24          0         24      10240       7063   heap_4.o
       152         44          0          0         84       1457   i2c.o
       136          0          0          0          0       4706   list.o
       208          6          0          0          0       2089   main.o
      1158        166          0          0          0       6097   mainctrl.o
       932        220          0          0          0       1967   parsecmd.o
       606         72          0         12          0      10725   port.o
        36          8        236          0       8192        776   startup_stm32f103xb.o
       104         22          0          4          0       2939   stm32f1xx_hal.o
      1112         54          0          0          0       8194   stm32f1xx_hal_adc.o
       300          0          0          0          0       1411   stm32f1xx_hal_can.o
       218         14          0          0          0      26169   stm32f1xx_hal_cortex.o
       594         32          0          0          0       3475   stm32f1xx_hal_dma.o
       488         42          0          0          0       3962   stm32f1xx_hal_gpio.o
       264         10          0          0          0       2839   stm32f1xx_hal_i2c.o
       132         10          0          0          0        794   stm32f1xx_hal_msp.o
      1334        112          0          0          0       6907   stm32f1xx_hal_rcc.o
       236         12          0          0          0       1336   stm32f1xx_hal_rcc_ex.o
      2084         68          0          0          0      16281   stm32f1xx_hal_tim.o
       174          0          0          0          0       2986   stm32f1xx_hal_tim_ex.o
       946          4          0          0          0       5423   stm32f1xx_hal_uart.o
       140         44          0          0          0      27732   stm32f1xx_it.o
        72         16         24          4          0     464479   system_stm32f1xx.o
      2092        174          0         60        240      27487   tasks.o
       976        152          0          0        368       4623   tim.o
       222         36          0          0         64       2715   usart.o

    ----------------------------------------------------------------------
     21672       1836        436        140      20160     712529   Object Totals
         0          0         32          0          0          0   (incl. Generated)
        50          0          3          0          0          0   (incl. Padding)

    ----------------------------------------------------------------------

      Code (inc. data)   RO Data    RW Data    ZI Data      Debug   Library Member Name

        68         10          0          0          0        408   dunder.o
       220         16          0          0          0         84   floor.o
        40          0          0          0          0         68   fpclassify.o
       860         52         56          0          0        256   log.o
       170          0          0          0          0         96   poly.o
      2520        190        136          0          0        324   pow.o
         0          0          8          0          0          0   qnan.o
        76          0          0          0          0         84   sqrt.o
         0          0          0          0          0          0   entry.o
         0          0          0          0          0          0   entry10a.o
         0          0          0          0          0          0   entry11a.o
         8          4          0          0          0          0   entry2.o
         4          0          0          0          0          0   entry5.o
         0          0          0          0          0          0   entry7b.o
         0          0          0          0          0          0   entry8b.o
         8          4          0          0          0          0   entry9a.o
        12          6          0          4          0         68   errno.o
        30          0          0          0          0          0   handlers.o
        36          8          0          0          0         68   init.o
         0          0          0          0          0          0   iusefp.o
        30          0          0          0          0         68   llshl.o
        36          0          0          0          0         68   llsshr.o
        32          0          0          0          0         68   llushr.o
       188         20          0          0          0        160   malloc.o
        36          0          0          0          0         68   memcpya.o
        36          0          0          0          0        108   memseta.o
         0          0          0          8          0          0   mvars.o
      2244         86          0          0          0        512   printfa.o
        20          0          0          0          0         68   strchr.o
        18          0          0          0          0         68   strcpy.o
        14          0          0          0          0         68   strlen.o
        30          0          0          0          0         80   strncmp.o
        12          0          0          0          0         68   tolower.o
        44          0          0          0          0         80   uidiv.o
        98          0          0          0          0         92   uldiv.o
        48          0          0          0          0         68   cdcmple.o
        48          0          0          0          0         68   cdrcmple.o
        20          0          0          0          0         68   cfrcmple.o
       334          0          0          0          0        148   dadd.o
       222          0          0          0          0        100   ddiv.o
       186          0          0          0          0        176   depilogue.o
        62          0          0          0          0         80   dfixi.o
        50          0          0          0          0         76   dfixui.o
        48          0          0          0          0         68   dfixul.o
        34          0          0          0          0         76   dflti.o
        26          0          0          0          0         76   dfltui.o
       228          0          0          0          0         96   dmul.o
        46          0          0          0          0         80   dscalb.o
       162          0          0          0          0        100   dsqrt.o
        38          0          0          0          0         68   f2d.o
       176          0          0          0          0        140   fadd.o
       124          0          0          0          0         88   fdiv.o
       110          0          0          0          0        168   fepilogue.o
        50          0          0          0          0         68   ffixi.o
        10          0          0          0          0         68   ffltui.o
       100          0          0          0          0         76   fmul.o
        24          0          0          0          0         68   fscalb.o

    ----------------------------------------------------------------------
      9044        396        200         12          0       5056   Library Totals
         8          0          0          0          0          0   (incl. Padding)

    ----------------------------------------------------------------------

      Code (inc. data)   RO Data    RW Data    ZI Data      Debug   Library Name

      3954        268        200          0          0       1320   m_ws.l
      2936        128          0         12          0       1712   mc_w.l
      2146          0          0          0          0       2024   mf_w.l

    ----------------------------------------------------------------------
      9044        396        200         12          0       5056   Library Totals

    ----------------------------------------------------------------------

==============================================================================


      Code (inc. data)   RO Data    RW Data    ZI Data      Debug   

     30716       2232        636        152      20160     703281   Grand Totals
     30716       2232        636        152      20160     703281   ELF Image Totals
     30716       2232        636        152          0          0   ROM Totals

==============================================================================

    Total RO  Size (Code + RO Data)                31352 (  30.62kB)
    Total RW  Size (RW Data + ZI Data)             20312 (  19.84kB)
    Total ROM Size (Code + RO Data + RW Data)      31504 (  30.77kB)

==============================================================================

